Archive member included to satisfy reference by file (symbol)

/Users/aadeshshah/.pico-sdk/toolchain/13_2_Rel1/bin/../lib/gcc/arm-none-eabi/13.2.1/thumb/v6-m/nofp/libgcc.a(_dvmd_tls.o)
                              CMakeFiles/PicoPong.dir/Users/aadeshshah/.pico-sdk/sdk/1.5.1/src/rp2_common/pico_divider/divider.S.obj (__aeabi_idiv0)
/Users/aadeshshah/.pico-sdk/toolchain/13_2_Rel1/bin/../lib/gcc/arm-none-eabi/13.2.1/../../../../arm-none-eabi/lib/thumb/v6-m/nofp/libg.a(libc_a-calloc.o)
                              CMakeFiles/PicoPong.dir/Users/aadeshshah/.pico-sdk/sdk/1.5.1/src/rp2_common/pico_malloc/pico_malloc.c.obj (calloc)
/Users/aadeshshah/.pico-sdk/toolchain/13_2_Rel1/bin/../lib/gcc/arm-none-eabi/13.2.1/../../../../arm-none-eabi/lib/thumb/v6-m/nofp/libg.a(libc_a-callocr.o)
                              /Users/aadeshshah/.pico-sdk/toolchain/13_2_Rel1/bin/../lib/gcc/arm-none-eabi/13.2.1/../../../../arm-none-eabi/lib/thumb/v6-m/nofp/libg.a(libc_a-calloc.o) (_calloc_r)
/Users/aadeshshah/.pico-sdk/toolchain/13_2_Rel1/bin/../lib/gcc/arm-none-eabi/13.2.1/../../../../arm-none-eabi/lib/thumb/v6-m/nofp/libg.a(libc_a-malloc.o)
                              CMakeFiles/PicoPong.dir/Users/aadeshshah/.pico-sdk/sdk/1.5.1/src/rp2_common/pico_malloc/pico_malloc.c.obj (malloc)
/Users/aadeshshah/.pico-sdk/toolchain/13_2_Rel1/bin/../lib/gcc/arm-none-eabi/13.2.1/../../../../arm-none-eabi/lib/thumb/v6-m/nofp/libg.a(libc_a-mallocr.o)
                              /Users/aadeshshah/.pico-sdk/toolchain/13_2_Rel1/bin/../lib/gcc/arm-none-eabi/13.2.1/../../../../arm-none-eabi/lib/thumb/v6-m/nofp/libg.a(libc_a-callocr.o) (_malloc_r)
/Users/aadeshshah/.pico-sdk/toolchain/13_2_Rel1/bin/../lib/gcc/arm-none-eabi/13.2.1/../../../../arm-none-eabi/lib/thumb/v6-m/nofp/libg.a(libc_a-mlock.o)
                              /Users/aadeshshah/.pico-sdk/toolchain/13_2_Rel1/bin/../lib/gcc/arm-none-eabi/13.2.1/../../../../arm-none-eabi/lib/thumb/v6-m/nofp/libg.a(libc_a-mallocr.o) (__malloc_lock)
/Users/aadeshshah/.pico-sdk/toolchain/13_2_Rel1/bin/../lib/gcc/arm-none-eabi/13.2.1/../../../../arm-none-eabi/lib/thumb/v6-m/nofp/libg.a(libc_a-realloc.o)
                              CMakeFiles/PicoPong.dir/Users/aadeshshah/.pico-sdk/sdk/1.5.1/src/rp2_common/pico_malloc/pico_malloc.c.obj (realloc)
/Users/aadeshshah/.pico-sdk/toolchain/13_2_Rel1/bin/../lib/gcc/arm-none-eabi/13.2.1/../../../../arm-none-eabi/lib/thumb/v6-m/nofp/libg.a(libc_a-reallocr.o)
                              /Users/aadeshshah/.pico-sdk/toolchain/13_2_Rel1/bin/../lib/gcc/arm-none-eabi/13.2.1/../../../../arm-none-eabi/lib/thumb/v6-m/nofp/libg.a(libc_a-realloc.o) (_realloc_r)
/Users/aadeshshah/.pico-sdk/toolchain/13_2_Rel1/bin/../lib/gcc/arm-none-eabi/13.2.1/../../../../arm-none-eabi/lib/thumb/v6-m/nofp/libg.a(libc_a-memmove.o)
                              /Users/aadeshshah/.pico-sdk/toolchain/13_2_Rel1/bin/../lib/gcc/arm-none-eabi/13.2.1/../../../../arm-none-eabi/lib/thumb/v6-m/nofp/libg.a(libc_a-reallocr.o) (memmove)
/Users/aadeshshah/.pico-sdk/toolchain/13_2_Rel1/bin/../lib/gcc/arm-none-eabi/13.2.1/../../../../arm-none-eabi/lib/thumb/v6-m/nofp/libg.a(libc_a-impure.o)
                              /Users/aadeshshah/.pico-sdk/toolchain/13_2_Rel1/bin/../lib/gcc/arm-none-eabi/13.2.1/../../../../arm-none-eabi/lib/thumb/v6-m/nofp/libg.a(libc_a-calloc.o) (_impure_ptr)
/Users/aadeshshah/.pico-sdk/toolchain/13_2_Rel1/bin/../lib/gcc/arm-none-eabi/13.2.1/../../../../arm-none-eabi/lib/thumb/v6-m/nofp/libg.a(libc_a-sbrkr.o)
                              /Users/aadeshshah/.pico-sdk/toolchain/13_2_Rel1/bin/../lib/gcc/arm-none-eabi/13.2.1/../../../../arm-none-eabi/lib/thumb/v6-m/nofp/libg.a(libc_a-mallocr.o) (_sbrk_r)
/Users/aadeshshah/.pico-sdk/toolchain/13_2_Rel1/bin/../lib/gcc/arm-none-eabi/13.2.1/../../../../arm-none-eabi/lib/thumb/v6-m/nofp/libg.a(libc_a-errno.o)
                              /Users/aadeshshah/.pico-sdk/toolchain/13_2_Rel1/bin/../lib/gcc/arm-none-eabi/13.2.1/../../../../arm-none-eabi/lib/thumb/v6-m/nofp/libg.a(libc_a-callocr.o) (__errno)
/Users/aadeshshah/.pico-sdk/toolchain/13_2_Rel1/bin/../lib/gcc/arm-none-eabi/13.2.1/../../../../arm-none-eabi/lib/thumb/v6-m/nofp/libg.a(libc_a-sysconf.o)
                              /Users/aadeshshah/.pico-sdk/toolchain/13_2_Rel1/bin/../lib/gcc/arm-none-eabi/13.2.1/../../../../arm-none-eabi/lib/thumb/v6-m/nofp/libg.a(libc_a-mallocr.o) (sysconf)
/Users/aadeshshah/.pico-sdk/toolchain/13_2_Rel1/bin/../lib/gcc/arm-none-eabi/13.2.1/../../../../arm-none-eabi/lib/thumb/v6-m/nofp/libg.a(libc_a-init.o)
                              /Users/aadeshshah/.pico-sdk/toolchain/13_2_Rel1/bin/../lib/gcc/arm-none-eabi/13.2.1/../../../../arm-none-eabi/lib/thumb/v6-m/nofp/crt0.o (__libc_init_array)
/Users/aadeshshah/.pico-sdk/toolchain/13_2_Rel1/bin/../lib/gcc/arm-none-eabi/13.2.1/../../../../arm-none-eabi/lib/thumb/v6-m/nofp/libg.a(libc_a-lock.o)
[...]
Memory Configuration

Name             Origin             Length             Attributes
FLASH            0x10000000         0x00200000         xr
RAM              0x20000000         0x00040000         xrw
SCRATCH_X        0x20040000         0x00001000         xrw
SCRATCH_Y        0x20041000         0x00001000         xrw
*default*        0x00000000         0xffffffff

Linker script and memory map

LOAD /Users/aadeshshah/.pico-sdk/toolchain/13_2_Rel1/bin/../lib/gcc/arm-none-eabi/13.2.1/thumb/v6-m/nofp/crti.o
LOAD /Users/aadeshshah/.pico-sdk/toolchain/13_2_Rel1/bin/../lib/gcc/arm-none-eabi/13.2.1/thumb/v6-m/nofp/crtbegin.o
LOAD /Users/aadeshshah/.pico-sdk/toolchain/13_2_Rel1/bin/../lib/gcc/arm-none-eabi/13.2.1/../../../../arm-none-eabi/lib/thumb/v6-m/nofp/crt0.o

.flash_begin    0x10000000        0x0
                0x10000000                        __flash_binary_start = .

.boot2          0x10000000      0x100
                0x10000000                        __boot2_start__ = .
 *(.boot2)
 .boot2         0x10000000      0x100 /var/folders/m8/h9brsbyd7nbcd9y0y7lzldrr0000gn/T//ccED4Xl3.o
                0x10000100                        __boot2_end__ = .
                0x00000001                        ASSERT (((__boot2_end__ - __boot2_start__) == 0x100), ERROR: Pico second stage bootloader must be 256 bytes in size)

.text           0x10000100     0x7f28
                0x10000100                        __logical_binary_start = .
 *(.vectors)
 .vectors       0x10000100       0xd4 CMakeFiles/PicoPong.dir/Users/aadeshshah/.pico-sdk/sdk/1.5.1/src/rp2_common/pico_standard_link/crt0.S.obj
                0x10000100                __VECTOR_TABLE
                0x10000100                __vectors
                0x100001c0                __default_isrs_start
                0x100001c0                isr_invalid
                0x100001c2                isr_nmi
                0x100001c4                isr_hardfault
                0x100001c6                isr_svcall
                0x100001c8                isr_pendsv
                0x100001ca                isr_systick
                0x100001cc                isr_irq28
                0x100001cc                isr_irq19
                0x100001cc                isr_irq0
                0x100001cc                isr_irq6
                0x100001cc                isr_irq22
                0x100001cc                isr_irq17
                0x100001cc                isr_irq14
                0x100001cc                isr_irq2
                0x100001cc                isr_irq10
                0x100001cc                isr_irq8
                0x100001cc                isr_irq24
                0x100001cc                isr_irq1
                0x100001cc                isr_irq7
                0x100001cc                isr_irq21
                0x100001cc                isr_irq20
                0x100001cc                isr_irq15
                0x100001cc                isr_irq25
                0x100001cc                isr_irq4
                0x100001cc                isr_irq16
                0x100001cc                isr_irq29
                0x100001cc                isr_irq26
                0x100001cc                __default_isrs_end
                0x100001cc                isr_irq3
                0x100001cc                isr_irq9
                0x100001cc                __unhandled_user_irq
                0x100001cc                isr_irq13
                0x100001cc                isr_irq27
                0x100001cc                isr_irq31
                0x100001cc                isr_irq5
                0x100001cc                isr_irq11
                0x100001cc                isr_irq23
                0x100001cc                isr_irq18
                0x100001cc                isr_irq30
                0x100001cc                isr_irq12
                0x100001d2                unhandled_user_irq_num_in_r0
 *(.binary_info_header)
 .binary_info_header
                0x100001d4       0x14 CMakeFiles/PicoPong.dir/Users/aadeshshah/.pico-sdk/sdk/1.5.1/src/rp2_common/pico_standard_link/crt0.S.obj
                0x100001e8                        __binary_info_header_end = .
 *(.reset)
 .reset         0x100001e8       0xa0 CMakeFiles/PicoPong.dir/Users/aadeshshah/.pico-sdk/sdk/1.5.1/src/rp2_common/pico_standard_link/crt0.S.obj
                0x100001e8                _entry_point
 .reset         0x10000288       0x30 CMakeFiles/PicoPong.dir/Users/aadeshshah/.pico-sdk/sdk/1.5.1/src/rp2_common/pico_standard_link/binary_info.c.obj
 *(.init)
 .init          0x100002b8        0x4 /Users/aadeshshah/.pico-sdk/toolchain/13_2_Rel1/bin/../lib/gcc/arm-none-eabi/13.2.1/thumb/v6-m/nofp/crti.o
                0x100002b8                _init
 *(EXCLUDE_FILE(*libm.a: *libc.a:*lib_a-mem*.o *libgcc.a:) .text*)
 .text.register_tm_clones
                0x100002bc       0x28 /Users/aadeshshah/.pico-sdk/toolchain/13_2_Rel1/bin/../lib/gcc/arm-none-eabi/13.2.1/thumb/v6-m/nofp/crtbegin.o
 .text.frame_dummy
                0x100002e4       0x24 /Users/aadeshshah/.pico-sdk/toolchain/13_2_Rel1/bin/../lib/gcc/arm-none-eabi/13.2.1/thumb/v6-m/nofp/crtbegin.o
 .text.fancy_write
                0x10000308       0x34 CMakeFiles/PicoPong.dir/pico-ssd1306/ssd1306.c.obj
 .text.ssd1306_write
                0x1000033c       0x24 CMakeFiles/PicoPong.dir/pico-ssd1306/ssd1306.c.obj
 .text.ssd1306_init
                0x10000360       0xd8 CMakeFiles/PicoPong.dir/pico-ssd1306/ssd1306.c.obj
                0x10000360                ssd1306_init
 .text.ssd1306_clear
                0x10000438       0x10 CMakeFiles/PicoPong.dir/pico-ssd1306/ssd1306.c.obj
                0x10000438                ssd1306_clear
 .text.ssd1306_draw_pixel
                0x10000448       0x26 CMakeFiles/PicoPong.dir/pico-ssd1306/ssd1306.c.obj
                0x10000448                ssd1306_draw_pixel
 .text.ssd1306_draw_square
                0x1000046e       0x3e CMakeFiles/PicoPong.dir/pico-ssd1306/ssd1306.c.obj
                0x1000046e                ssd1306_draw_square
 .text.ssd1306_draw_char_with_font
                0x100004ac       0xc2 CMakeFiles/PicoPong.dir/pico-ssd1306/ssd1306.c.obj
                0x100004ac                ssd1306_draw_char_with_font
 .text.ssd1306_draw_string_with_font
                0x1000056e       0x4a CMakeFiles/PicoPong.dir/pico-ssd1306/ssd1306.c.obj
                0x1000056e                ssd1306_draw_string_with_font
 .text.ssd1306_draw_string
                0x100005b8       0x18 CMakeFiles/PicoPong.dir/pico-ssd1306/ssd1306.c.obj
                0x100005b8                ssd1306_draw_string
 .text.ssd1306_show
                0x100005d0       0x68 CMakeFiles/PicoPong.dir/pico-ssd1306/ssd1306.c.obj
                0x100005d0                ssd1306_show
 .text.pwm_init
                0x10000638       0x34 CMakeFiles/PicoPong.dir/PicoPong.c.obj
 .text.pwm_get_default_config
                0x1000066c       0x18 CMakeFiles/PicoPong.dir/PicoPong.c.obj
 .text.pwm_set_chan_level
                0x10000684       0x40 CMakeFiles/PicoPong.dir/PicoPong.c.obj
 .text.pwm_set_gpio_level
                0x100006c4       0x16 CMakeFiles/PicoPong.dir/PicoPong.c.obj
 .text.adc_gpio_init
                0x100006da       0x1e CMakeFiles/PicoPong.dir/PicoPong.c.obj
 .text.set_pwm_pin
                0x100006f8       0x8c CMakeFiles/PicoPong.dir/PicoPong.c.obj
                0x100006f8                set_pwm_pin
 .text.playTone
                0x10000784       0x34 CMakeFiles/PicoPong.dir/PicoPong.c.obj
                0x10000784                playTone
 .text.main     0x100007b8      0x214 CMakeFiles/PicoPong.dir/PicoPong.c.obj
                0x100007b8                main
 .text.i2c_write_blocking_internal
                0x100009cc      0x146 CMakeFiles/PicoPong.dir/Users/aadeshshah/.pico-sdk/sdk/1.5.1/src/rp2_common/hardware_i2c/i2c.c.obj
 *fill*         0x10000b12        0x2 
 .text.i2c_set_baudrate
                0x10000b14       0xf0 CMakeFiles/PicoPong.dir/Users/aadeshshah/.pico-sdk/sdk/1.5.1/src/rp2_common/hardware_i2c/i2c.c.obj
                0x10000b14                i2c_set_baudrate
 .text.i2c_init
                0x10000c04       0x58 CMakeFiles/PicoPong.dir/Users/aadeshshah/.pico-sdk/sdk/1.5.1/src/rp2_common/hardware_i2c/i2c.c.obj
                0x10000c04                i2c_init
 .text.i2c_write_blocking
                0x10000c5c       0x18 CMakeFiles/PicoPong.dir/Users/aadeshshah/.pico-sdk/sdk/1.5.1/src/rp2_common/hardware_i2c/i2c.c.obj
                0x10000c5c                i2c_write_blocking
 .text.running_on_fpga
                0x10000c74       0x14 CMakeFiles/PicoPong.dir/Users/aadeshshah/.pico-sdk/sdk/1.5.1/src/rp2_common/pico_platform/platform.c.obj
                0x10000c74                running_on_fpga
 .text.hw_claim_lock
                0x10000c88       0x18 CMakeFiles/PicoPong.dir/Users/aadeshshah/.pico-sdk/sdk/1.5.1/src/rp2_common/hardware_claim/claim.c.obj
                0x10000c88                hw_claim_lock
 .text.hw_claim_unlock
                0x10000ca0       0x14 CMakeFiles/PicoPong.dir/Users/aadeshshah/.pico-sdk/sdk/1.5.1/src/rp2_common/hardware_claim/claim.c.obj
                0x10000ca0                hw_claim_unlock
 .text.hw_claim_or_assert
                0x10000cb4       0x32 CMakeFiles/PicoPong.dir/Users/aadeshshah/.pico-sdk/sdk/1.5.1/src/rp2_common/hardware_claim/claim.c.obj
                0x10000cb4                hw_claim_or_assert
 .text.hw_claim_unused_from_range
                0x10000ce6       0x50 CMakeFiles/PicoPong.dir/Users/aadeshshah/.pico-sdk/sdk/1.5.1/src/rp2_common/hardware_claim/claim.c.obj
                0x10000ce6                hw_claim_unused_from_range
 *fill*         0x10000d36        0x2 
 .text.spin_locks_reset
                0x10000d38       0x20 CMakeFiles/PicoPong.dir/Users/aadeshshah/.pico-sdk/sdk/1.5.1/src/rp2_common/hardware_sync/sync.c.obj
                0x10000d38                spin_locks_reset
 .text.next_striped_spin_lock_num
                0x10000d58       0x1c CMakeFiles/PicoPong.dir/Users/aadeshshah/.pico-sdk/sdk/1.5.1/src/rp2_common/hardware_sync/sync.c.obj
                0x10000d58                next_striped_spin_lock_num
 .text.spin_lock_claim_unused
                0x10000d74       0x24 CMakeFiles/PicoPong.dir/Users/aadeshshah/.pico-sdk/sdk/1.5.1/src/rp2_common/hardware_sync/sync.c.obj
                0x10000d74                spin_lock_claim_unused
 .text.time_reached
                0x10000d98       0x28 CMakeFiles/PicoPong.dir/Users/aadeshshah/.pico-sdk/sdk/1.5.1/src/common/pico_time/time.c.obj
 .text.get_entry
                0x10000dc0       0x38 CMakeFiles/PicoPong.dir/Users/aadeshshah/.pico-sdk/sdk/1.5.1/src/common/pico_time/time.c.obj
 .text.timer_pool_entry_comparator
                0x10000df8       0x2e CMakeFiles/PicoPong.dir/Users/aadeshshah/.pico-sdk/sdk/1.5.1/src/common/pico_time/time.c.obj
                0x10000df8                timer_pool_entry_comparator
 *fill*         0x10000e26        0x2 
 .text.update_us_since_boot
                0x10000e28       0x24 CMakeFiles/PicoPong.dir/Users/aadeshshah/.pico-sdk/sdk/1.5.1/src/common/pico_time/time.c.obj
 .text.delayed_by_us
                0x10000e4c       0x34 CMakeFiles/PicoPong.dir/Users/aadeshshah/.pico-sdk/sdk/1.5.1/src/common/pico_time/time.c.obj
 .text.ph_get_node
                0x10000e80       0x30 CMakeFiles/PicoPong.dir/Users/aadeshshah/.pico-sdk/sdk/1.5.1/src/common/pico_time/time.c.obj
 .text.ph_contains_node
                0x10000eb0       0x1e CMakeFiles/PicoPong.dir/Users/aadeshshah/.pico-sdk/sdk/1.5.1/src/common/pico_time/time.c.obj
 .text.ph_new_node
                0x10000ece       0x28 CMakeFiles/PicoPong.dir/Users/aadeshshah/.pico-sdk/sdk/1.5.1/src/common/pico_time/time.c.obj
 *fill*         0x10000ef6        0x2 
 .text.ph_add_child_node
                0x10000ef8       0x6c CMakeFiles/PicoPong.dir/Users/aadeshshah/.pico-sdk/sdk/1.5.1/src/common/pico_time/time.c.obj
 .text.ph_merge_nodes
                0x10000f64       0x3e CMakeFiles/PicoPong.dir/Users/aadeshshah/.pico-sdk/sdk/1.5.1/src/common/pico_time/time.c.obj
 *fill*         0x10000fa2        0x2 
 .text.ph_insert_node
                0x10000fa4       0x3c CMakeFiles/PicoPong.dir/Users/aadeshshah/.pico-sdk/sdk/1.5.1/src/common/pico_time/time.c.obj
 .text.ph_free_node
                0x10000fe0       0x5c CMakeFiles/PicoPong.dir/Users/aadeshshah/.pico-sdk/sdk/1.5.1/src/common/pico_time/time.c.obj
 .text.get_entry_id_high
                0x1000103c       0x30 CMakeFiles/PicoPong.dir/Users/aadeshshah/.pico-sdk/sdk/1.5.1/src/common/pico_time/time.c.obj
 .text.alarm_pool_post_alloc_init
                0x1000106c       0x40 CMakeFiles/PicoPong.dir/Users/aadeshshah/.pico-sdk/sdk/1.5.1/src/common/pico_time/time.c.obj
 .text.sleep_until_callback
                0x100010ac       0x30 CMakeFiles/PicoPong.dir/Users/aadeshshah/.pico-sdk/sdk/1.5.1/src/common/pico_time/time.c.obj
 .text.get_absolute_time
                0x100010dc       0x22 CMakeFiles/PicoPong.dir/Users/aadeshshah/.pico-sdk/sdk/1.5.1/src/common/pico_time/time.c.obj
 .text.make_timeout_time_us
                0x100010fe       0x24 CMakeFiles/PicoPong.dir/Users/aadeshshah/.pico-sdk/sdk/1.5.1/src/common/pico_time/time.c.obj
 *fill*         0x10001122        0x2 
 .text.add_alarm_under_lock
                0x10001124       0x94 CMakeFiles/PicoPong.dir/Users/aadeshshah/.pico-sdk/sdk/1.5.1/src/common/pico_time/time.c.obj
 .text.alarm_pool_alarm_callback
                0x100011b8      0x210 CMakeFiles/PicoPong.dir/Users/aadeshshah/.pico-sdk/sdk/1.5.1/src/common/pico_time/time.c.obj
 .text.alarm_pool_init_default
                0x100013c8       0x40 CMakeFiles/PicoPong.dir/Users/aadeshshah/.pico-sdk/sdk/1.5.1/src/common/pico_time/time.c.obj
                0x100013c8                alarm_pool_init_default
 .text.alarm_pool_get_default
                0x10001408       0x2c CMakeFiles/PicoPong.dir/Users/aadeshshah/.pico-sdk/sdk/1.5.1/src/common/pico_time/time.c.obj
                0x10001408                alarm_pool_get_default
 .text.alarm_pool_add_alarm_at
                0x10001434      0x10e CMakeFiles/PicoPong.dir/Users/aadeshshah/.pico-sdk/sdk/1.5.1/src/common/pico_time/time.c.obj
                0x10001434                alarm_pool_add_alarm_at
 .text.add_alarm_at
                0x10001542       0x2e CMakeFiles/PicoPong.dir/Users/aadeshshah/.pico-sdk/sdk/1.5.1/src/common/pico_time/time.c.obj
 .text.alarm_pool_cancel_alarm
                0x10001570       0xa8 CMakeFiles/PicoPong.dir/Users/aadeshshah/.pico-sdk/sdk/1.5.1/src/common/pico_time/time.c.obj
                0x10001570                alarm_pool_cancel_alarm
 .text.cancel_alarm
                0x10001618       0x10 CMakeFiles/PicoPong.dir/Users/aadeshshah/.pico-sdk/sdk/1.5.1/src/common/pico_time/time.c.obj
 .text.alarm_pool_core_num
                0x10001628        0x4 CMakeFiles/PicoPong.dir/Users/aadeshshah/.pico-sdk/sdk/1.5.1/src/common/pico_time/time.c.obj
                0x10001628                alarm_pool_core_num
 .text.sleep_until
                0x1000162c       0xb0 CMakeFiles/PicoPong.dir/Users/aadeshshah/.pico-sdk/sdk/1.5.1/src/common/pico_time/time.c.obj
                0x1000162c                sleep_until
 .text.sleep_us
                0x100016dc       0x1a CMakeFiles/PicoPong.dir/Users/aadeshshah/.pico-sdk/sdk/1.5.1/src/common/pico_time/time.c.obj
                0x100016dc                sleep_us
 .text.sleep_ms
                0x100016f6       0x14 CMakeFiles/PicoPong.dir/Users/aadeshshah/.pico-sdk/sdk/1.5.1/src/common/pico_time/time.c.obj
                0x100016f6                sleep_ms
 *fill*         0x1000170a        0x2 
 .text.best_effort_wfe_or_timeout
                0x1000170c       0x44 CMakeFiles/PicoPong.dir/Users/aadeshshah/.pico-sdk/sdk/1.5.1/src/common/pico_time/time.c.obj
                0x1000170c                best_effort_wfe_or_timeout
 .text.hardware_alarm_irq_handler
                0x10001750       0x8c CMakeFiles/PicoPong.dir/Users/aadeshshah/.pico-sdk/sdk/1.5.1/src/rp2_common/hardware_timer/timer.c.obj
 .text.hardware_alarm_claim
                0x100017dc       0x18 CMakeFiles/PicoPong.dir/Users/aadeshshah/.pico-sdk/sdk/1.5.1/src/rp2_common/hardware_timer/timer.c.obj
                0x100017dc                hardware_alarm_claim
 .text.time_us_64
                0x100017f4       0x18 CMakeFiles/PicoPong.dir/Users/aadeshshah/.pico-sdk/sdk/1.5.1/src/rp2_common/hardware_timer/timer.c.obj
                0x100017f4                time_us_64
 .text.busy_wait_until
                0x1000180c       0x28 CMakeFiles/PicoPong.dir/Users/aadeshshah/.pico-sdk/sdk/1.5.1/src/rp2_common/hardware_timer/timer.c.obj
                0x1000180c                busy_wait_until
 .text.hardware_alarm_set_callback
                0x10001834       0x90 CMakeFiles/PicoPong.dir/Users/aadeshshah/.pico-sdk/sdk/1.5.1/src/rp2_common/hardware_timer/timer.c.obj
                0x10001834                hardware_alarm_set_callback
 .text.hardware_alarm_set_target
                0x100018c4       0xe8 CMakeFiles/PicoPong.dir/Users/aadeshshah/.pico-sdk/sdk/1.5.1/src/rp2_common/hardware_timer/timer.c.obj
                0x100018c4                hardware_alarm_set_target
 .text.hardware_alarm_cancel
                0x100019ac       0x40 CMakeFiles/PicoPong.dir/Users/aadeshshah/.pico-sdk/sdk/1.5.1/src/rp2_common/hardware_timer/timer.c.obj
                0x100019ac                hardware_alarm_cancel
 .text.set_raw_irq_handler_and_unlock
                0x100019ec       0x28 CMakeFiles/PicoPong.dir/Users/aadeshshah/.pico-sdk/sdk/1.5.1/src/rp2_common/hardware_irq/irq.c.obj
 .text.resolve_branch
                0x10001a14       0x30 CMakeFiles/PicoPong.dir/Users/aadeshshah/.pico-sdk/sdk/1.5.1/src/rp2_common/hardware_irq/irq.c.obj
 .text.make_branch
                0x10001a44       0x48 CMakeFiles/PicoPong.dir/Users/aadeshshah/.pico-sdk/sdk/1.5.1/src/rp2_common/hardware_irq/irq.c.obj
 .text.insert_branch_and_link
                0x10001a8c       0x40 CMakeFiles/PicoPong.dir/Users/aadeshshah/.pico-sdk/sdk/1.5.1/src/rp2_common/hardware_irq/irq.c.obj
 .text.irq_is_enabled
                0x10001acc       0x18 CMakeFiles/PicoPong.dir/Users/aadeshshah/.pico-sdk/sdk/1.5.1/src/rp2_common/hardware_irq/irq.c.obj
                0x10001acc                irq_is_enabled
 .text.irq_set_mask_enabled
                0x10001ae4       0x20 CMakeFiles/PicoPong.dir/Users/aadeshshah/.pico-sdk/sdk/1.5.1/src/rp2_common/hardware_irq/irq.c.obj
                0x10001ae4                irq_set_mask_enabled
 .text.irq_set_enabled
                0x10001b04        0xe CMakeFiles/PicoPong.dir/Users/aadeshshah/.pico-sdk/sdk/1.5.1/src/rp2_common/hardware_irq/irq.c.obj
                0x10001b04                irq_set_enabled
 *fill*         0x10001b12        0x2 
 .text.irq_set_pending
                0x10001b14       0x10 CMakeFiles/PicoPong.dir/Users/aadeshshah/.pico-sdk/sdk/1.5.1/src/rp2_common/hardware_irq/irq.c.obj
                0x10001b14                irq_set_pending
 .text.irq_get_vtable_handler
                0x10001b24       0x10 CMakeFiles/PicoPong.dir/Users/aadeshshah/.pico-sdk/sdk/1.5.1/src/rp2_common/hardware_irq/irq.c.obj
                0x10001b24                irq_get_vtable_handler
 .text.irq_has_shared_handler
                0x10001b34       0x24 CMakeFiles/PicoPong.dir/Users/aadeshshah/.pico-sdk/sdk/1.5.1/src/rp2_common/hardware_irq/irq.c.obj
                0x10001b34                irq_has_shared_handler
 .text.irq_set_exclusive_handler
                0x10001b58       0x54 CMakeFiles/PicoPong.dir/Users/aadeshshah/.pico-sdk/sdk/1.5.1/src/rp2_common/hardware_irq/irq.c.obj
                0x10001b58                irq_set_exclusive_handler
 .text.irq_add_shared_handler
                0x10001bac      0x210 CMakeFiles/PicoPong.dir/Users/aadeshshah/.pico-sdk/sdk/1.5.1/src/rp2_common/hardware_irq/irq.c.obj
                0x10001bac                irq_add_shared_handler
 .text.irq_remove_handler
                0x10001dbc      0x188 CMakeFiles/PicoPong.dir/Users/aadeshshah/.pico-sdk/sdk/1.5.1/src/rp2_common/hardware_irq/irq.c.obj
                0x10001dbc                irq_remove_handler
 .text.irq_add_tail_to_free_list
                0x10001f44       0xf0 CMakeFiles/PicoPong.dir/Users/aadeshshah/.pico-sdk/sdk/1.5.1/src/rp2_common/hardware_irq/irq.c.obj
                0x10001f44                irq_add_tail_to_free_list
 .text.irq_init_priorities
                0x10002034       0x1c CMakeFiles/PicoPong.dir/Users/aadeshshah/.pico-sdk/sdk/1.5.1/src/rp2_common/hardware_irq/irq.c.obj
                0x10002034                irq_init_priorities
 .text.user_irq_claim_unused
                0x10002050       0x2c CMakeFiles/PicoPong.dir/Users/aadeshshah/.pico-sdk/sdk/1.5.1/src/rp2_common/hardware_irq/irq.c.obj
                0x10002050                user_irq_claim_unused
 .text.lock_init
                0x1000207c       0x10 CMakeFiles/PicoPong.dir/Users/aadeshshah/.pico-sdk/sdk/1.5.1/src/common/pico_sync/lock_core.c.obj
                0x1000207c                lock_init
 .text.update_us_since_boot
                0x1000208c       0x24 CMakeFiles/PicoPong.dir/Users/aadeshshah/.pico-sdk/sdk/1.5.1/src/common/pico_sync/mutex.c.obj
 .text.delayed_by_ms
                0x100020b0       0x44 CMakeFiles/PicoPong.dir/Users/aadeshshah/.pico-sdk/sdk/1.5.1/src/common/pico_sync/mutex.c.obj
 .text.get_absolute_time
                0x100020f4       0x22 CMakeFiles/PicoPong.dir/Users/aadeshshah/.pico-sdk/sdk/1.5.1/src/common/pico_sync/mutex.c.obj
 .text.make_timeout_time_ms
                0x10002116       0x20 CMakeFiles/PicoPong.dir/Users/aadeshshah/.pico-sdk/sdk/1.5.1/src/common/pico_sync/mutex.c.obj
 .text.mutex_init
                0x10002136       0x1a CMakeFiles/PicoPong.dir/Users/aadeshshah/.pico-sdk/sdk/1.5.1/src/common/pico_sync/mutex.c.obj
                0x10002136                mutex_init
 .text.recursive_mutex_init
                0x10002150       0x1e CMakeFiles/PicoPong.dir/Users/aadeshshah/.pico-sdk/sdk/1.5.1/src/common/pico_sync/mutex.c.obj
                0x10002150                recursive_mutex_init
 *fill*         0x1000216e        0x2 
 .text.critical_section_init_with_lock_num
                0x10002170       0x14 CMakeFiles/PicoPong.dir/Users/aadeshshah/.pico-sdk/sdk/1.5.1/src/common/pico_sync/critical_section.c.obj
                0x10002170                critical_section_init_with_lock_num
 .text.critical_section_init
                0x10002184       0x14 CMakeFiles/PicoPong.dir/Users/aadeshshah/.pico-sdk/sdk/1.5.1/src/common/pico_sync/critical_section.c.obj
                0x10002184                critical_section_init
 .text.ph_get_node
                0x10002198       0x30 CMakeFiles/PicoPong.dir/Users/aadeshshah/.pico-sdk/sdk/1.5.1/src/common/pico_util/pheap.c.obj
 .text.ph_add_child_node
                0x100021c8       0x6c CMakeFiles/PicoPong.dir/Users/aadeshshah/.pico-sdk/sdk/1.5.1/src/common/pico_util/pheap.c.obj
 .text.ph_merge_nodes
                0x10002234       0x3e CMakeFiles/PicoPong.dir/Users/aadeshshah/.pico-sdk/sdk/1.5.1/src/common/pico_util/pheap.c.obj
 .text.ph_clear
                0x10002272       0x34 CMakeFiles/PicoPong.dir/Users/aadeshshah/.pico-sdk/sdk/1.5.1/src/common/pico_util/pheap.c.obj
                0x10002272                ph_clear
 .text.ph_post_alloc_init
                0x100022a6        0xe CMakeFiles/PicoPong.dir/Users/aadeshshah/.pico-sdk/sdk/1.5.1/src/common/pico_util/pheap.c.obj
                0x100022a6                ph_post_alloc_init
 .text.ph_merge_two_pass
                0x100022b4       0x5c CMakeFiles/PicoPong.dir/Users/aadeshshah/.pico-sdk/sdk/1.5.1/src/common/pico_util/pheap.c.obj
                0x100022b4                ph_merge_two_pass
 .text.ph_remove_any_head
                0x10002310       0xc0 CMakeFiles/PicoPong.dir/Users/aadeshshah/.pico-sdk/sdk/1.5.1/src/common/pico_util/pheap.c.obj
 .text.ph_remove_head
                0x100023d0       0x14 CMakeFiles/PicoPong.dir/Users/aadeshshah/.pico-sdk/sdk/1.5.1/src/common/pico_util/pheap.c.obj
                0x100023d0                ph_remove_head
 .text.ph_remove_and_free_node
                0x100023e4       0xa0 CMakeFiles/PicoPong.dir/Users/aadeshshah/.pico-sdk/sdk/1.5.1/src/common/pico_util/pheap.c.obj
                0x100023e4                ph_remove_and_free_node
 .text.clock_configure
                0x10002484      0x108 CMakeFiles/PicoPong.dir/Users/aadeshshah/.pico-sdk/sdk/1.5.1/src/rp2_common/hardware_clocks/clocks.c.obj
                0x10002484                clock_configure
 .text.clocks_init
                0x1000258c      0x100 CMakeFiles/PicoPong.dir/Users/aadeshshah/.pico-sdk/sdk/1.5.1/src/rp2_common/hardware_clocks/clocks.c.obj
                0x1000258c                clocks_init
 .text.clock_get_hz
                0x1000268c        0xc CMakeFiles/PicoPong.dir/Users/aadeshshah/.pico-sdk/sdk/1.5.1/src/rp2_common/hardware_clocks/clocks.c.obj
                0x1000268c                clock_get_hz
 .text.gpio_set_function
                0x10002698       0x30 CMakeFiles/PicoPong.dir/Users/aadeshshah/.pico-sdk/sdk/1.5.1/src/rp2_common/hardware_gpio/gpio.c.obj
                0x10002698                gpio_set_function
 .text.gpio_set_pulls
                0x100026c8       0x34 CMakeFiles/PicoPong.dir/Users/aadeshshah/.pico-sdk/sdk/1.5.1/src/rp2_common/hardware_gpio/gpio.c.obj
                0x100026c8                gpio_set_pulls
 .text.gpio_set_input_enabled
                0x100026fc       0x30 CMakeFiles/PicoPong.dir/Users/aadeshshah/.pico-sdk/sdk/1.5.1/src/rp2_common/hardware_gpio/gpio.c.obj
                0x100026fc                gpio_set_input_enabled
 .text.pll_init
                0x1000272c      0x120 CMakeFiles/PicoPong.dir/Users/aadeshshah/.pico-sdk/sdk/1.5.1/src/rp2_common/hardware_pll/pll.c.obj
                0x1000272c                pll_init
 .text.watchdog_start_tick
                0x1000284c       0x10 CMakeFiles/PicoPong.dir/Users/aadeshshah/.pico-sdk/sdk/1.5.1/src/rp2_common/hardware_watchdog/watchdog.c.obj
                0x1000284c                watchdog_start_tick
 .text.watchdog_update
                0x1000285c       0x14 CMakeFiles/PicoPong.dir/Users/aadeshshah/.pico-sdk/sdk/1.5.1/src/rp2_common/hardware_watchdog/watchdog.c.obj
                0x1000285c                watchdog_update
 .text._watchdog_enable
                0x10002870       0x78 CMakeFiles/PicoPong.dir/Users/aadeshshah/.pico-sdk/sdk/1.5.1/src/rp2_common/hardware_watchdog/watchdog.c.obj
                0x10002870                _watchdog_enable
 .text.watchdog_reboot
                0x100028e8       0x48 CMakeFiles/PicoPong.dir/Users/aadeshshah/.pico-sdk/sdk/1.5.1/src/rp2_common/hardware_watchdog/watchdog.c.obj
                0x100028e8                watchdog_reboot
 .text.xosc_init
                0x10002930       0x28 CMakeFiles/PicoPong.dir/Users/aadeshshah/.pico-sdk/sdk/1.5.1/src/rp2_common/hardware_xosc/xosc.c.obj
                0x10002930                xosc_init
 .text.adc_init
                0x10002958       0x34 CMakeFiles/PicoPong.dir/Users/aadeshshah/.pico-sdk/sdk/1.5.1/src/rp2_common/hardware_adc/adc.c.obj
                0x10002958                adc_init
 .text._exit    0x1000298c        0x4 CMakeFiles/PicoPong.dir/Users/aadeshshah/.pico-sdk/sdk/1.5.1/src/rp2_common/pico_runtime/runtime.c.obj
                0x1000298c                _exit
 .text._sbrk    0x10002990       0x38 CMakeFiles/PicoPong.dir/Users/aadeshshah/.pico-sdk/sdk/1.5.1/src/rp2_common/pico_runtime/runtime.c.obj
                0x10002990                _sbrk
 .text.exit     0x100029c8        0x6 CMakeFiles/PicoPong.dir/Users/aadeshshah/.pico-sdk/sdk/1.5.1/src/rp2_common/pico_runtime/runtime.c.obj
                0x100029c8                exit
 *fill*         0x100029ce        0x2 
 .text.__assert_func
                0x100029d0       0x38 CMakeFiles/PicoPong.dir/Users/aadeshshah/.pico-sdk/sdk/1.5.1/src/rp2_common/pico_runtime/runtime.c.obj
                0x100029d0                __assert_func
 .text.runtime_init
                0x10002a08       0xf8 CMakeFiles/PicoPong.dir/Users/aadeshshah/.pico-sdk/sdk/1.5.1/src/rp2_common/pico_runtime/runtime.c.obj
                0x10002a08                runtime_init
 .text.panic    0x10002b00       0x30 CMakeFiles/PicoPong.dir/Users/aadeshshah/.pico-sdk/sdk/1.5.1/src/rp2_common/pico_runtime/runtime.c.obj
                0x10002b00                panic
 .text._out_buffer
                0x10002b30        0x8 CMakeFiles/PicoPong.dir/Users/aadeshshah/.pico-sdk/sdk/1.5.1/src/rp2_common/pico_printf/printf.c.obj
 .text._out_null
                0x10002b38        0x2 CMakeFiles/PicoPong.dir/Users/aadeshshah/.pico-sdk/sdk/1.5.1/src/rp2_common/pico_printf/printf.c.obj
 .text._out_fct
                0x10002b3a        0xe CMakeFiles/PicoPong.dir/Users/aadeshshah/.pico-sdk/sdk/1.5.1/src/rp2_common/pico_printf/printf.c.obj
 .text._atoi    0x10002b48       0x24 CMakeFiles/PicoPong.dir/Users/aadeshshah/.pico-sdk/sdk/1.5.1/src/rp2_common/pico_printf/printf.c.obj
 .text._out_rev
                0x10002b6c       0xae CMakeFiles/PicoPong.dir/Users/aadeshshah/.pico-sdk/sdk/1.5.1/src/rp2_common/pico_printf/printf.c.obj
 .text._ntoa_format
                0x10002c1a      0x110 CMakeFiles/PicoPong.dir/Users/aadeshshah/.pico-sdk/sdk/1.5.1/src/rp2_common/pico_printf/printf.c.obj
 .text._ntoa_long
                0x10002d2a       0xbc CMakeFiles/PicoPong.dir/Users/aadeshshah/.pico-sdk/sdk/1.5.1/src/rp2_common/pico_printf/printf.c.obj
 .text._ntoa_long_long
                0x10002de6      0x10e CMakeFiles/PicoPong.dir/Users/aadeshshah/.pico-sdk/sdk/1.5.1/src/rp2_common/pico_printf/printf.c.obj
 .text._etoa    0x10002ef4      0x420 CMakeFiles/PicoPong.dir/Users/aadeshshah/.pico-sdk/sdk/1.5.1/src/rp2_common/pico_printf/printf.c.obj
 .text._ftoa    0x10003314      0x354 CMakeFiles/PicoPong.dir/Users/aadeshshah/.pico-sdk/sdk/1.5.1/src/rp2_common/pico_printf/printf.c.obj
 .text._vsnprintf
                0x10003668      0x668 CMakeFiles/PicoPong.dir/Users/aadeshshah/.pico-sdk/sdk/1.5.1/src/rp2_common/pico_printf/printf.c.obj
 .text.__wrap_sprintf
                0x10003cd0       0x2c CMakeFiles/PicoPong.dir/Users/aadeshshah/.pico-sdk/sdk/1.5.1/src/rp2_common/pico_printf/printf.c.obj
                0x10003cd0                __wrap_sprintf
 .text.vfctprintf
                0x10003cfc       0x20 CMakeFiles/PicoPong.dir/Users/aadeshshah/.pico-sdk/sdk/1.5.1/src/rp2_common/pico_printf/printf.c.obj
                0x10003cfc                vfctprintf
 .text          0x10003d1c       0x10 CMakeFiles/PicoPong.dir/Users/aadeshshah/.pico-sdk/sdk/1.5.1/src/rp2_common/pico_bit_ops/bit_ops_aeabi.S.obj
 .text.rom_func_lookup
                0x10003d2c       0x10 CMakeFiles/PicoPong.dir/Users/aadeshshah/.pico-sdk/sdk/1.5.1/src/rp2_common/pico_bootrom/bootrom.c.obj
                0x10003d2c                rom_func_lookup
 .text.rom_data_lookup
                0x10003d3c       0x10 CMakeFiles/PicoPong.dir/Users/aadeshshah/.pico-sdk/sdk/1.5.1/src/rp2_common/pico_bootrom/bootrom.c.obj
                0x10003d3c                rom_data_lookup
 .text.rom_funcs_lookup
                0x10003d4c       0x36 CMakeFiles/PicoPong.dir/Users/aadeshshah/.pico-sdk/sdk/1.5.1/src/rp2_common/pico_bootrom/bootrom.c.obj
                0x10003d4c                rom_funcs_lookup
 *fill*         0x10003d82        0x2 
 .text.__wrap___aeabi_idiv
                0x10003d84       0x50 CMakeFiles/PicoPong.dir/Users/aadeshshah/.pico-sdk/sdk/1.5.1/src/rp2_common/pico_divider/divider.S.obj
                0x10003d84                __wrap___aeabi_idivmod
                0x10003d84                divmod_s32s32
                0x10003d84                div_s32s32
                0x10003d84                __wrap___aeabi_idiv
                0x10003d8c                divmod_s32s32_unsafe
                0x10003db8                divmod_s32s32_savestate
 .text.__wrap___aeabi_uidiv
                0x10003dd4       0x4c CMakeFiles/PicoPong.dir/Users/aadeshshah/.pico-sdk/sdk/1.5.1/src/rp2_common/pico_divider/divider.S.obj
                0x10003dd4                __wrap___aeabi_uidiv
                0x10003dd4                __wrap___aeabi_uidivmod
                0x10003dd4                div_u32u32
                0x10003dd4                divmod_u32u32
                0x10003ddc                divmod_u32u32_unsafe
                0x10003e04                divmod_u32u32_savestate
 .text.__wrap___aeabi_ldiv
                0x10003e20      0x424 CMakeFiles/PicoPong.dir/Users/aadeshshah/.pico-sdk/sdk/1.5.1/src/rp2_common/pico_divider/divider.S.obj
                0x10003e20                __wrap___aeabi_ldivmod
                0x10003e20                div_s64s64
                0x10003e20                divmod_s64s64
                0x10003e50                divmod_u64u64
                0x10003e50                div_u64u64
                0x10003e50                __wrap___aeabi_uldivmod
                0x10003e60                divmod_u64u64_savestate
                0x10003e80                divmod_s64s64_unsafe
                0x10003f08                divmod_u64u64_unsafe
 .text.__wrap___aeabi_darithmetic
                0x10004244       0x80 CMakeFiles/PicoPong.dir/Users/aadeshshah/.pico-sdk/sdk/1.5.1/src/rp2_common/pico_double/double_aeabi.S.obj
                0x10004244                __wrap___aeabi_drsub
                0x1000424a                __wrap___aeabi_dsub
                0x1000425c                __wrap___aeabi_dadd
                0x1000426e                __wrap___aeabi_ddiv
                0x100042aa                __wrap___aeabi_dmul
 .text.__wrap___aeabi_cdcmple
                0x100042c4       0x6c CMakeFiles/PicoPong.dir/Users/aadeshshah/.pico-sdk/sdk/1.5.1/src/rp2_common/pico_double/double_aeabi.S.obj
                0x100042c4                __wrap___aeabi_cdrcmple
                0x100042d4                __wrap___aeabi_cdcmple
                0x100042d4                __wrap___aeabi_cdcmpeq
 .text.__wrap___aeabi_dcmplt
                0x10004330        0xc CMakeFiles/PicoPong.dir/Users/aadeshshah/.pico-sdk/sdk/1.5.1/src/rp2_common/pico_double/double_aeabi.S.obj
                0x10004330                __wrap___aeabi_dcmplt
 .text.__wrap___aeabi_dcmple
                0x1000433c       0x10 CMakeFiles/PicoPong.dir/Users/aadeshshah/.pico-sdk/sdk/1.5.1/src/rp2_common/pico_double/double_aeabi.S.obj
                0x1000433c                __wrap___aeabi_dcmple
 .text.__wrap___aeabi_dcmpge
                0x1000434c       0x10 CMakeFiles/PicoPong.dir/Users/aadeshshah/.pico-sdk/sdk/1.5.1/src/rp2_common/pico_double/double_aeabi.S.obj
                0x1000434c                __wrap___aeabi_dcmpge
 .text.__wrap___aeabi_dcmpgt
                0x1000435c        0xa CMakeFiles/PicoPong.dir/Users/aadeshshah/.pico-sdk/sdk/1.5.1/src/rp2_common/pico_double/double_aeabi.S.obj
                0x1000435c                __wrap___aeabi_dcmpgt
 .text.__wrap___aeabi_dcmpun
                0x10004366       0x1c CMakeFiles/PicoPong.dir/Users/aadeshshah/.pico-sdk/sdk/1.5.1/src/rp2_common/pico_double/double_aeabi.S.obj
                0x10004366                __wrap___aeabi_dcmpun
 *fill*         0x10004382        0x2 
 .text.__wrap___aeabi_i2d
                0x10004384       0x38 CMakeFiles/PicoPong.dir/Users/aadeshshah/.pico-sdk/sdk/1.5.1/src/rp2_common/pico_double/double_aeabi.S.obj
                0x10004384                __wrap___aeabi_ui2d
                0x1000438c                __wrap___aeabi_i2d
 .text.__wrap___aeabi_d2iz
                0x100043bc       0x48 CMakeFiles/PicoPong.dir/Users/aadeshshah/.pico-sdk/sdk/1.5.1/src/rp2_common/pico_double/double_aeabi.S.obj
                0x100043bc                __wrap___aeabi_d2iz
                0x100043bc                double2int_z
 .text.__wrap___aeabi_d2uiz
                0x10004404       0x18 CMakeFiles/PicoPong.dir/Users/aadeshshah/.pico-sdk/sdk/1.5.1/src/rp2_common/pico_double/double_aeabi.S.obj
                0x10004404                double2uint
                0x10004404                __wrap___aeabi_d2uiz
 .text.__aeabi_double_init
                0x1000441c       0xcc CMakeFiles/PicoPong.dir/Users/aadeshshah/.pico-sdk/sdk/1.5.1/src/rp2_common/pico_double/double_init_rom.c.obj
                0x1000441c                __aeabi_double_init
 .text.double_table_shim_on_use_helper
                0x100044e8       0x34 CMakeFiles/PicoPong.dir/Users/aadeshshah/.pico-sdk/sdk/1.5.1/src/rp2_common/pico_double/double_v1_rom_shim.S.obj
                0x100044e8                double_table_shim_on_use_helper
 .text.__wrap___aeabi_dsub
                0x1000451c       0x10 CMakeFiles/PicoPong.dir/Users/aadeshshah/.pico-sdk/sdk/1.5.1/src/rp2_common/pico_double/double_v1_rom_shim.S.obj
                0x1000451c                drsub_shim
                0x10004522                dsub_shim
 .text.dadd_shim
                0x1000452c      0x15c CMakeFiles/PicoPong.dir/Users/aadeshshah/.pico-sdk/sdk/1.5.1/src/rp2_common/pico_double/double_v1_rom_shim.S.obj
                0x1000452c                dadd_shim
 .text.dmul_shim
                0x10004688      0x15c CMakeFiles/PicoPong.dir/Users/aadeshshah/.pico-sdk/sdk/1.5.1/src/rp2_common/pico_double/double_v1_rom_shim.S.obj
                0x10004688                dmul_shim
 .text.ddiv_shim
                0x100047e4      0x1b0 CMakeFiles/PicoPong.dir/Users/aadeshshah/.pico-sdk/sdk/1.5.1/src/rp2_common/pico_double/double_v1_rom_shim.S.obj
                0x100047e4                ddiv_shim
 .text.double2uint_shim
                0x10004994        0xe CMakeFiles/PicoPong.dir/Users/aadeshshah/.pico-sdk/sdk/1.5.1/src/rp2_common/pico_double/double_v1_rom_shim.S.obj
                0x10004994                double2uint_shim
                0x10004996                double2ufix_shim
 *fill*         0x100049a2        0x2 
 .text.double2uint64_shim
                0x100049a4       0x70 CMakeFiles/PicoPong.dir/Users/aadeshshah/.pico-sdk/sdk/1.5.1/src/rp2_common/pico_double/double_v1_rom_shim.S.obj
                0x100049a4                double2uint64_shim
                0x100049a6                double2ufix64_shim
                0x100049c6                d2fix_a
 .text.dunpacks
                0x10004a14       0x3c CMakeFiles/PicoPong.dir/Users/aadeshshah/.pico-sdk/sdk/1.5.1/src/rp2_common/pico_double/double_v1_rom_shim.S.obj
                0x10004a14                dunpacks
 .text.__aeabi_lmul
                0x10004a50       0x32 CMakeFiles/PicoPong.dir/Users/aadeshshah/.pico-sdk/sdk/1.5.1/src/rp2_common/pico_int64_ops/pico_int64_ops_aeabi.S.obj
                0x10004a50                __wrap___aeabi_lmul
 *fill*         0x10004a82        0x2 
 .text.__wrap___aeabi_farithmetic
                0x10004a84       0x58 CMakeFiles/PicoPong.dir/Users/aadeshshah/.pico-sdk/sdk/1.5.1/src/rp2_common/pico_float/float_aeabi.S.obj
                0x10004a84                __wrap___aeabi_frsub
                0x10004a8a                __wrap___aeabi_fsub
                0x10004a94                __wrap___aeabi_fadd
                0x10004a9e                __wrap___aeabi_fdiv
                0x10004aca                __wrap___aeabi_fmul
 .text.__wrap___aeabi_ui2f
                0x10004adc        0xa CMakeFiles/PicoPong.dir/Users/aadeshshah/.pico-sdk/sdk/1.5.1/src/rp2_common/pico_float/float_aeabi.S.obj
                0x10004adc                __wrap___aeabi_ui2f
 *fill*         0x10004ae6        0x2 
 .text.__wrap___aeabi_i2f
                0x10004ae8       0x44 CMakeFiles/PicoPong.dir/Users/aadeshshah/.pico-sdk/sdk/1.5.1/src/rp2_common/pico_float/float_aeabi.S.obj
                0x10004ae8                __wrap___aeabi_i2f
 .text.__wrap___aeabi_f2uiz
                0x10004b2c       0x10 CMakeFiles/PicoPong.dir/Users/aadeshshah/.pico-sdk/sdk/1.5.1/src/rp2_common/pico_float/float_aeabi.S.obj
                0x10004b2c                __wrap___aeabi_f2uiz
 .text.__aeabi_float_init
                0x10004b3c       0xfc CMakeFiles/PicoPong.dir/Users/aadeshshah/.pico-sdk/sdk/1.5.1/src/rp2_common/pico_float/float_init_rom.c.obj
                0x10004b3c                __aeabi_float_init
 .text.float_table_shim_on_use_helper
                0x10004c38       0x34 CMakeFiles/PicoPong.dir/Users/aadeshshah/.pico-sdk/sdk/1.5.1/src/rp2_common/pico_float/float_v1_rom_shim.S.obj
                0x10004c38                float_table_shim_on_use_helper
 .text.check_alloc
                0x10004c6c       0x20 CMakeFiles/PicoPong.dir/Users/aadeshshah/.pico-sdk/sdk/1.5.1/src/rp2_common/pico_malloc/pico_malloc.c.obj
 .text.__wrap_malloc
                0x10004c8c       0x14 CMakeFiles/PicoPong.dir/Users/aadeshshah/.pico-sdk/sdk/1.5.1/src/rp2_common/pico_malloc/pico_malloc.c.obj
                0x10004c8c                __wrap_malloc
 .text          0x10004ca0       0x10 CMakeFiles/PicoPong.dir/Users/aadeshshah/.pico-sdk/sdk/1.5.1/src/rp2_common/pico_mem_ops/mem_ops_aeabi.S.obj
                0x10004ca0                __aeabi_mem_init
 .text.memset   0x10004cb0        0xc CMakeFiles/PicoPong.dir/Users/aadeshshah/.pico-sdk/sdk/1.5.1/src/rp2_common/pico_mem_ops/mem_ops_aeabi.S.obj
                0x10004cb0                __wrap_memset
 .text.memcpy   0x10004cbc        0xc CMakeFiles/PicoPong.dir/Users/aadeshshah/.pico-sdk/sdk/1.5.1/src/rp2_common/pico_mem_ops/mem_ops_aeabi.S.obj
                0x10004cbc                __wrap___aeabi_memcpy
                0x10004cbc                __wrap_memcpy
 .text.stdio_out_chars_no_crlf
                0x10004cc8        0xe CMakeFiles/PicoPong.dir/Users/aadeshshah/.pico-sdk/sdk/1.5.1/src/rp2_common/pico_stdio/stdio.c.obj
 *fill*         0x10004cd6        0x2 
 .text.stdio_out_chars_crlf
                0x10004cd8       0x80 CMakeFiles/PicoPong.dir/Users/aadeshshah/.pico-sdk/sdk/1.5.1/src/rp2_common/pico_stdio/stdio.c.obj
 .text.stdio_stack_buffer_flush
                0x10004d58       0x44 CMakeFiles/PicoPong.dir/Users/aadeshshah/.pico-sdk/sdk/1.5.1/src/rp2_common/pico_stdio/stdio.c.obj
 .text.stdio_buffered_printer
                0x10004d9c       0x20 CMakeFiles/PicoPong.dir/Users/aadeshshah/.pico-sdk/sdk/1.5.1/src/rp2_common/pico_stdio/stdio.c.obj
 .text.update_us_since_boot
                0x10004dbc       0x24 CMakeFiles/PicoPong.dir/Users/aadeshshah/.pico-sdk/sdk/1.5.1/src/rp2_common/pico_stdio/stdio.c.obj
 .text.get_absolute_time
                0x10004de0       0x22 CMakeFiles/PicoPong.dir/Users/aadeshshah/.pico-sdk/sdk/1.5.1/src/rp2_common/pico_stdio/stdio.c.obj
 *fill*         0x10004e02        0x2 
 .text.delayed_by_ms
                0x10004e04       0x44 CMakeFiles/PicoPong.dir/Users/aadeshshah/.pico-sdk/sdk/1.5.1/src/rp2_common/pico_stdio/stdio.c.obj
 .text.make_timeout_time_ms
                0x10004e48       0x20 CMakeFiles/PicoPong.dir/Users/aadeshshah/.pico-sdk/sdk/1.5.1/src/rp2_common/pico_stdio/stdio.c.obj
 .text.stdout_serialize_begin
                0x10004e68       0x20 CMakeFiles/PicoPong.dir/Users/aadeshshah/.pico-sdk/sdk/1.5.1/src/rp2_common/pico_stdio/stdio.c.obj
                0x10004e68                stdout_serialize_begin
 .text.stdout_serialize_end
                0x10004e88       0x10 CMakeFiles/PicoPong.dir/Users/aadeshshah/.pico-sdk/sdk/1.5.1/src/rp2_common/pico_stdio/stdio.c.obj
                0x10004e88                stdout_serialize_end
 .text.stdio_put_string
                0x10004e98       0x98 CMakeFiles/PicoPong.dir/Users/aadeshshah/.pico-sdk/sdk/1.5.1/src/rp2_common/pico_stdio/stdio.c.obj
 .text.stdio_set_driver_enabled
                0x10004f30       0x2c CMakeFiles/PicoPong.dir/Users/aadeshshah/.pico-sdk/sdk/1.5.1/src/rp2_common/pico_stdio/stdio.c.obj
                0x10004f30                stdio_set_driver_enabled
 .text.stdio_flush
                0x10004f5c       0x20 CMakeFiles/PicoPong.dir/Users/aadeshshah/.pico-sdk/sdk/1.5.1/src/rp2_common/pico_stdio/stdio.c.obj
                0x10004f5c                stdio_flush
 .text.__wrap_puts
                0x10004f7c       0x1e CMakeFiles/PicoPong.dir/Users/aadeshshah/.pico-sdk/sdk/1.5.1/src/rp2_common/pico_stdio/stdio.c.obj
                0x10004f7c                __wrap_puts
 *fill*         0x10004f9a        0x2 
 .text.__wrap_vprintf
                0x10004f9c       0x40 CMakeFiles/PicoPong.dir/Users/aadeshshah/.pico-sdk/sdk/1.5.1/src/rp2_common/pico_stdio/stdio.c.obj
                0x10004f9c                __wrap_vprintf
 .text.__wrap_printf
                0x10004fdc       0x18 CMakeFiles/PicoPong.dir/Users/aadeshshah/.pico-sdk/sdk/1.5.1/src/rp2_common/pico_stdio/stdio.c.obj
                0x10004fdc                __wrap_printf
 .text.stdio_init_all
                0x10004ff4        0x8 CMakeFiles/PicoPong.dir/Users/aadeshshah/.pico-sdk/sdk/1.5.1/src/rp2_common/pico_stdio/stdio.c.obj
                0x10004ff4                stdio_init_all
 .text.resetd_init
                0x10004ffc        0x2 CMakeFiles/PicoPong.dir/Users/aadeshshah/.pico-sdk/sdk/1.5.1/src/rp2_common/pico_stdio_usb/reset_interface.c.obj
 *fill*         0x10004ffe        0x2 
 .text.resetd_reset
                0x10005000        0xc CMakeFiles/PicoPong.dir/Users/aadeshshah/.pico-sdk/sdk/1.5.1/src/rp2_common/pico_stdio_usb/reset_interface.c.obj
 .text.resetd_open
                0x1000500c       0x34 CMakeFiles/PicoPong.dir/Users/aadeshshah/.pico-sdk/sdk/1.5.1/src/rp2_common/pico_stdio_usb/reset_interface.c.obj
 .text.resetd_xfer_cb
                0x10005040        0x4 CMakeFiles/PicoPong.dir/Users/aadeshshah/.pico-sdk/sdk/1.5.1/src/rp2_common/pico_stdio_usb/reset_interface.c.obj
 .text.reset_usb_boot
                0x10005044       0x18 CMakeFiles/PicoPong.dir/Users/aadeshshah/.pico-sdk/sdk/1.5.1/src/rp2_common/pico_stdio_usb/reset_interface.c.obj
 .text.resetd_control_xfer_cb
                0x1000505c       0x5c CMakeFiles/PicoPong.dir/Users/aadeshshah/.pico-sdk/sdk/1.5.1/src/rp2_common/pico_stdio_usb/reset_interface.c.obj
 .text.usbd_app_driver_get_cb
                0x100050b8        0xc CMakeFiles/PicoPong.dir/Users/aadeshshah/.pico-sdk/sdk/1.5.1/src/rp2_common/pico_stdio_usb/reset_interface.c.obj
                0x100050b8                usbd_app_driver_get_cb
 .text.tud_cdc_line_coding_cb
                0x100050c4       0x28 CMakeFiles/PicoPong.dir/Users/aadeshshah/.pico-sdk/sdk/1.5.1/src/rp2_common/pico_stdio_usb/reset_interface.c.obj
                0x100050c4                tud_cdc_line_coding_cb
 .text.stdio_usb_set_chars_available_callback
                0x100050ec       0x14 CMakeFiles/PicoPong.dir/Users/aadeshshah/.pico-sdk/sdk/1.5.1/src/rp2_common/pico_stdio_usb/stdio_usb.c.obj
                0x100050ec                stdio_usb_set_chars_available_callback
 .text.update_us_since_boot
                0x10005100       0x24 CMakeFiles/PicoPong.dir/Users/aadeshshah/.pico-sdk/sdk/1.5.1/src/rp2_common/pico_stdio_usb/stdio_usb.c.obj
 .text.get_absolute_time
                0x10005124       0x22 CMakeFiles/PicoPong.dir/Users/aadeshshah/.pico-sdk/sdk/1.5.1/src/rp2_common/pico_stdio_usb/stdio_usb.c.obj
 *fill*         0x10005146        0x2 
 .text.delayed_by_ms
                0x10005148       0x44 CMakeFiles/PicoPong.dir/Users/aadeshshah/.pico-sdk/sdk/1.5.1/src/rp2_common/pico_stdio_usb/stdio_usb.c.obj
 .text.make_timeout_time_ms
                0x1000518c       0x20 CMakeFiles/PicoPong.dir/Users/aadeshshah/.pico-sdk/sdk/1.5.1/src/rp2_common/pico_stdio_usb/stdio_usb.c.obj
 .text.delayed_by_us
                0x100051ac       0x34 CMakeFiles/PicoPong.dir/Users/aadeshshah/.pico-sdk/sdk/1.5.1/src/rp2_common/pico_stdio_usb/stdio_usb.c.obj
 .text.usb_irq  0x100051e0       0x10 CMakeFiles/PicoPong.dir/Users/aadeshshah/.pico-sdk/sdk/1.5.1/src/rp2_common/pico_stdio_usb/stdio_usb.c.obj
 .text.critical_section_enter_blocking
                0x100051f0       0x16 CMakeFiles/PicoPong.dir/Users/aadeshshah/.pico-sdk/sdk/1.5.1/src/rp2_common/pico_stdio_usb/stdio_usb.c.obj
 *fill*         0x10005206        0x2 
 .text.timer_task
                0x10005208       0x4c CMakeFiles/PicoPong.dir/Users/aadeshshah/.pico-sdk/sdk/1.5.1/src/rp2_common/pico_stdio_usb/stdio_usb.c.obj
 .text.alarm_pool_add_alarm_in_us
                0x10005254       0x3a CMakeFiles/PicoPong.dir/Users/aadeshshah/.pico-sdk/sdk/1.5.1/src/rp2_common/pico_stdio_usb/stdio_usb.c.obj
 .text.add_alarm_in_us
                0x1000528e       0x2e CMakeFiles/PicoPong.dir/Users/aadeshshah/.pico-sdk/sdk/1.5.1/src/rp2_common/pico_stdio_usb/stdio_usb.c.obj
 .text.low_priority_worker_irq
                0x100052bc       0x7c CMakeFiles/PicoPong.dir/Users/aadeshshah/.pico-sdk/sdk/1.5.1/src/rp2_common/pico_stdio_usb/stdio_usb.c.obj
 .text.tud_cdc_rx_cb
                0x10005338       0x20 CMakeFiles/PicoPong.dir/Users/aadeshshah/.pico-sdk/sdk/1.5.1/src/rp2_common/pico_stdio_usb/stdio_usb.c.obj
                0x10005338                tud_cdc_rx_cb
 .text.stdio_usb_init
                0x10005358       0xd0 CMakeFiles/PicoPong.dir/Users/aadeshshah/.pico-sdk/sdk/1.5.1/src/rp2_common/pico_stdio_usb/stdio_usb.c.obj
                0x10005358                stdio_usb_init
 .text.stdio_usb_connected
                0x10005428        0xa CMakeFiles/PicoPong.dir/Users/aadeshshah/.pico-sdk/sdk/1.5.1/src/rp2_common/pico_stdio_usb/stdio_usb.c.obj
                0x10005428                stdio_usb_connected
 *fill*         0x10005432        0x2 
 .text.stdio_usb_in_chars
                0x10005434       0x88 CMakeFiles/PicoPong.dir/Users/aadeshshah/.pico-sdk/sdk/1.5.1/src/rp2_common/pico_stdio_usb/stdio_usb.c.obj
                0x10005434                stdio_usb_in_chars
 .text.stdio_usb_out_chars
                0x100054bc       0xd8 CMakeFiles/PicoPong.dir/Users/aadeshshah/.pico-sdk/sdk/1.5.1/src/rp2_common/pico_stdio_usb/stdio_usb.c.obj
 .text.tud_descriptor_device_cb
                0x10005594        0x8 CMakeFiles/PicoPong.dir/Users/aadeshshah/.pico-sdk/sdk/1.5.1/src/rp2_common/pico_stdio_usb/stdio_usb_descriptors.c.obj
                0x10005594                tud_descriptor_device_cb
 .text.tud_descriptor_configuration_cb
                0x1000559c        0x8 CMakeFiles/PicoPong.dir/Users/aadeshshah/.pico-sdk/sdk/1.5.1/src/rp2_common/pico_stdio_usb/stdio_usb_descriptors.c.obj
                0x1000559c                tud_descriptor_configuration_cb
 .text.tud_descriptor_string_cb
                0x100055a4       0x6c CMakeFiles/PicoPong.dir/Users/aadeshshah/.pico-sdk/sdk/1.5.1/src/rp2_common/pico_stdio_usb/stdio_usb_descriptors.c.obj
                0x100055a4                tud_descriptor_string_cb
 .text._retrieve_unique_id_on_boot
                0x10005610       0x10 CMakeFiles/PicoPong.dir/Users/aadeshshah/.pico-sdk/sdk/1.5.1/src/rp2_common/pico_unique_id/unique_id.c.obj
 .text.pico_get_unique_board_id_string
                0x10005620       0x5c CMakeFiles/PicoPong.dir/Users/aadeshshah/.pico-sdk/sdk/1.5.1/src/rp2_common/pico_unique_id/unique_id.c.obj
                0x10005620                pico_get_unique_board_id_string
 .text.flash_get_unique_id
                0x1000567c       0x40 CMakeFiles/PicoPong.dir/Users/aadeshshah/.pico-sdk/sdk/1.5.1/src/rp2_common/hardware_flash/flash.c.obj
                0x1000567c                flash_get_unique_id
 .text.hw_endpoint_get_by_addr
                0x100056bc       0x18 CMakeFiles/PicoPong.dir/Users/aadeshshah/.pico-sdk/sdk/1.5.1/lib/tinyusb/src/portable/raspberrypi/rp2040/dcd_rp2040.c.obj
 .text._hw_endpoint_alloc
                0x100056d4       0x70 CMakeFiles/PicoPong.dir/Users/aadeshshah/.pico-sdk/sdk/1.5.1/lib/tinyusb/src/portable/raspberrypi/rp2040/dcd_rp2040.c.obj
 .text.hw_endpoint_init
                0x10005744       0x88 CMakeFiles/PicoPong.dir/Users/aadeshshah/.pico-sdk/sdk/1.5.1/lib/tinyusb/src/portable/raspberrypi/rp2040/dcd_rp2040.c.obj
 .text.dcd_event_sof
                0x100057cc       0x2c CMakeFiles/PicoPong.dir/Users/aadeshshah/.pico-sdk/sdk/1.5.1/lib/tinyusb/src/portable/raspberrypi/rp2040/dcd_rp2040.c.obj
 .text.hw_endpoint_xfer
                0x100057f8       0x14 CMakeFiles/PicoPong.dir/Users/aadeshshah/.pico-sdk/sdk/1.5.1/lib/tinyusb/src/portable/raspberrypi/rp2040/dcd_rp2040.c.obj
 .text.dcd_int_enable
                0x1000580c       0x2c CMakeFiles/PicoPong.dir/Users/aadeshshah/.pico-sdk/sdk/1.5.1/lib/tinyusb/src/portable/raspberrypi/rp2040/dcd_rp2040.c.obj
                0x1000580c                dcd_int_enable
 .text.dcd_set_address
                0x10005838       0x2c CMakeFiles/PicoPong.dir/Users/aadeshshah/.pico-sdk/sdk/1.5.1/lib/tinyusb/src/portable/raspberrypi/rp2040/dcd_rp2040.c.obj
                0x10005838                dcd_set_address
 .text.dcd_connect
                0x10005864       0x10 CMakeFiles/PicoPong.dir/Users/aadeshshah/.pico-sdk/sdk/1.5.1/lib/tinyusb/src/portable/raspberrypi/rp2040/dcd_rp2040.c.obj
                0x10005864                dcd_connect
 .text.dcd_init
                0x10005874       0x80 CMakeFiles/PicoPong.dir/Users/aadeshshah/.pico-sdk/sdk/1.5.1/lib/tinyusb/src/portable/raspberrypi/rp2040/dcd_rp2040.c.obj
                0x10005874                dcd_init
 .text.dcd_edpt0_status_complete
                0x100058f4       0x1c CMakeFiles/PicoPong.dir/Users/aadeshshah/.pico-sdk/sdk/1.5.1/lib/tinyusb/src/portable/raspberrypi/rp2040/dcd_rp2040.c.obj
                0x100058f4                dcd_edpt0_status_complete
 .text.dcd_edpt_open
                0x10005910       0x40 CMakeFiles/PicoPong.dir/Users/aadeshshah/.pico-sdk/sdk/1.5.1/lib/tinyusb/src/portable/raspberrypi/rp2040/dcd_rp2040.c.obj
                0x10005910                dcd_edpt_open
 .text.dcd_edpt_close_all
                0x10005950        0x8 CMakeFiles/PicoPong.dir/Users/aadeshshah/.pico-sdk/sdk/1.5.1/lib/tinyusb/src/portable/raspberrypi/rp2040/dcd_rp2040.c.obj
                0x10005950                dcd_edpt_close_all
 .text.dcd_edpt_xfer
                0x10005958       0x34 CMakeFiles/PicoPong.dir/Users/aadeshshah/.pico-sdk/sdk/1.5.1/lib/tinyusb/src/portable/raspberrypi/rp2040/dcd_rp2040.c.obj
                0x10005958                dcd_edpt_xfer
 .text.dcd_edpt_stall
                0x1000598c       0x2c CMakeFiles/PicoPong.dir/Users/aadeshshah/.pico-sdk/sdk/1.5.1/lib/tinyusb/src/portable/raspberrypi/rp2040/dcd_rp2040.c.obj
                0x1000598c                dcd_edpt_stall
 .text.dcd_edpt_clear_stall
                0x100059b8       0x20 CMakeFiles/PicoPong.dir/Users/aadeshshah/.pico-sdk/sdk/1.5.1/lib/tinyusb/src/portable/raspberrypi/rp2040/dcd_rp2040.c.obj
                0x100059b8                dcd_edpt_clear_stall
 .text.rp2040_usb_init
                0x100059d8       0x4c CMakeFiles/PicoPong.dir/Users/aadeshshah/.pico-sdk/sdk/1.5.1/lib/tinyusb/src/portable/raspberrypi/rp2040/rp2040_usb.c.obj
                0x100059d8                rp2040_usb_init
 .text.hw_endpoint_xfer_start
                0x10005a24       0x50 CMakeFiles/PicoPong.dir/Users/aadeshshah/.pico-sdk/sdk/1.5.1/lib/tinyusb/src/portable/raspberrypi/rp2040/rp2040_usb.c.obj
                0x10005a24                hw_endpoint_xfer_start
 .text.configuration_reset
                0x10005a74       0x84 CMakeFiles/PicoPong.dir/Users/aadeshshah/.pico-sdk/sdk/1.5.1/lib/tinyusb/src/device/usbd.c.obj
 .text.critical_section_enter_blocking
                0x10005af8       0x16 CMakeFiles/PicoPong.dir/Users/aadeshshah/.pico-sdk/sdk/1.5.1/lib/tinyusb/src/device/usbd.c.obj
 .text.usbd_reset
                0x10005b0e        0xc CMakeFiles/PicoPong.dir/Users/aadeshshah/.pico-sdk/sdk/1.5.1/lib/tinyusb/src/device/usbd.c.obj
 .text.invoke_class_control
                0x10005b1a       0x1a CMakeFiles/PicoPong.dir/Users/aadeshshah/.pico-sdk/sdk/1.5.1/lib/tinyusb/src/device/usbd.c.obj
 .text.process_set_config
                0x10005b34      0x178 CMakeFiles/PicoPong.dir/Users/aadeshshah/.pico-sdk/sdk/1.5.1/lib/tinyusb/src/device/usbd.c.obj
 .text.process_get_descriptor
                0x10005cac       0xdc CMakeFiles/PicoPong.dir/Users/aadeshshah/.pico-sdk/sdk/1.5.1/lib/tinyusb/src/device/usbd.c.obj
 .text.tud_mounted
                0x10005d88       0x10 CMakeFiles/PicoPong.dir/Users/aadeshshah/.pico-sdk/sdk/1.5.1/lib/tinyusb/src/device/usbd.c.obj
                0x10005d88                tud_mounted
 .text.tud_suspended
                0x10005d98       0x10 CMakeFiles/PicoPong.dir/Users/aadeshshah/.pico-sdk/sdk/1.5.1/lib/tinyusb/src/device/usbd.c.obj
                0x10005d98                tud_suspended
 .text.tud_inited
                0x10005da8       0x14 CMakeFiles/PicoPong.dir/Users/aadeshshah/.pico-sdk/sdk/1.5.1/lib/tinyusb/src/device/usbd.c.obj
                0x10005da8                tud_inited
 .text.tud_init
                0x10005dbc       0xcc CMakeFiles/PicoPong.dir/Users/aadeshshah/.pico-sdk/sdk/1.5.1/lib/tinyusb/src/device/usbd.c.obj
                0x10005dbc                tud_init
 .text.usbd_defer_func
                0x10005e88       0x2a CMakeFiles/PicoPong.dir/Users/aadeshshah/.pico-sdk/sdk/1.5.1/lib/tinyusb/src/device/usbd.c.obj
                0x10005e88                usbd_defer_func
 *fill*         0x10005eb2        0x2 
 .text.usbd_edpt_open
                0x10005eb4       0x34 CMakeFiles/PicoPong.dir/Users/aadeshshah/.pico-sdk/sdk/1.5.1/lib/tinyusb/src/device/usbd.c.obj
                0x10005eb4                usbd_edpt_open
 .text.usbd_open_edpt_pair
                0x10005ee8       0x62 CMakeFiles/PicoPong.dir/Users/aadeshshah/.pico-sdk/sdk/1.5.1/lib/tinyusb/src/device/usbd.c.obj
                0x10005ee8                usbd_open_edpt_pair
 *fill*         0x10005f4a        0x2 
 .text.usbd_edpt_claim
                0x10005f4c       0x28 CMakeFiles/PicoPong.dir/Users/aadeshshah/.pico-sdk/sdk/1.5.1/lib/tinyusb/src/device/usbd.c.obj
                0x10005f4c                usbd_edpt_claim
 .text.usbd_edpt_release
                0x10005f74       0x28 CMakeFiles/PicoPong.dir/Users/aadeshshah/.pico-sdk/sdk/1.5.1/lib/tinyusb/src/device/usbd.c.obj
                0x10005f74                usbd_edpt_release
 .text.usbd_edpt_xfer
                0x10005f9c       0x78 CMakeFiles/PicoPong.dir/Users/aadeshshah/.pico-sdk/sdk/1.5.1/lib/tinyusb/src/device/usbd.c.obj
                0x10005f9c                usbd_edpt_xfer
 .text.usbd_edpt_stall
                0x10006014       0x48 CMakeFiles/PicoPong.dir/Users/aadeshshah/.pico-sdk/sdk/1.5.1/lib/tinyusb/src/device/usbd.c.obj
                0x10006014                usbd_edpt_stall
 .text.usbd_edpt_clear_stall
                0x1000605c       0x48 CMakeFiles/PicoPong.dir/Users/aadeshshah/.pico-sdk/sdk/1.5.1/lib/tinyusb/src/device/usbd.c.obj
                0x1000605c                usbd_edpt_clear_stall
 .text.usbd_edpt_stalled
                0x100060a4       0x1c CMakeFiles/PicoPong.dir/Users/aadeshshah/.pico-sdk/sdk/1.5.1/lib/tinyusb/src/device/usbd.c.obj
                0x100060a4                usbd_edpt_stalled
 .text.process_control_request
                0x100060c0      0x374 CMakeFiles/PicoPong.dir/Users/aadeshshah/.pico-sdk/sdk/1.5.1/lib/tinyusb/src/device/usbd.c.obj
 .text.tud_task_ext
                0x10006434      0x1a8 CMakeFiles/PicoPong.dir/Users/aadeshshah/.pico-sdk/sdk/1.5.1/lib/tinyusb/src/device/usbd.c.obj
                0x10006434                tud_task_ext
 .text._status_stage_xact
                0x100065dc       0x1a CMakeFiles/PicoPong.dir/Users/aadeshshah/.pico-sdk/sdk/1.5.1/lib/tinyusb/src/device/usbd_control.c.obj
 *fill*         0x100065f6        0x2 
 .text._data_stage_xact
                0x100065f8       0x58 CMakeFiles/PicoPong.dir/Users/aadeshshah/.pico-sdk/sdk/1.5.1/lib/tinyusb/src/device/usbd_control.c.obj
 .text.tud_control_status
                0x10006650       0x28 CMakeFiles/PicoPong.dir/Users/aadeshshah/.pico-sdk/sdk/1.5.1/lib/tinyusb/src/device/usbd_control.c.obj
                0x10006650                tud_control_status
 .text.tud_control_xfer
                0x10006678       0x68 CMakeFiles/PicoPong.dir/Users/aadeshshah/.pico-sdk/sdk/1.5.1/lib/tinyusb/src/device/usbd_control.c.obj
                0x10006678                tud_control_xfer
 .text.usbd_control_reset
                0x100066e0       0x14 CMakeFiles/PicoPong.dir/Users/aadeshshah/.pico-sdk/sdk/1.5.1/lib/tinyusb/src/device/usbd_control.c.obj
                0x100066e0                usbd_control_reset
 .text.usbd_control_set_complete_callback
                0x100066f4        0xc CMakeFiles/PicoPong.dir/Users/aadeshshah/.pico-sdk/sdk/1.5.1/lib/tinyusb/src/device/usbd_control.c.obj
                0x100066f4                usbd_control_set_complete_callback
 .text.usbd_control_set_request
                0x10006700       0x1c CMakeFiles/PicoPong.dir/Users/aadeshshah/.pico-sdk/sdk/1.5.1/lib/tinyusb/src/device/usbd_control.c.obj
                0x10006700                usbd_control_set_request
 .text.usbd_control_xfer_cb
                0x1000671c       0xbc CMakeFiles/PicoPong.dir/Users/aadeshshah/.pico-sdk/sdk/1.5.1/lib/tinyusb/src/device/usbd_control.c.obj
                0x1000671c                usbd_control_xfer_cb
 .text._prep_out_transaction
                0x100067d8       0x4a CMakeFiles/PicoPong.dir/Users/aadeshshah/.pico-sdk/sdk/1.5.1/lib/tinyusb/src/class/cdc/cdc_device.c.obj
 *fill*         0x10006822        0x2 
 .text.tud_cdc_n_connected
                0x10006824       0x38 CMakeFiles/PicoPong.dir/Users/aadeshshah/.pico-sdk/sdk/1.5.1/lib/tinyusb/src/class/cdc/cdc_device.c.obj
                0x10006824                tud_cdc_n_connected
 .text.tud_cdc_n_available
                0x1000685c       0x18 CMakeFiles/PicoPong.dir/Users/aadeshshah/.pico-sdk/sdk/1.5.1/lib/tinyusb/src/class/cdc/cdc_device.c.obj
                0x1000685c                tud_cdc_n_available
 .text.tud_cdc_n_read
                0x10006874       0x28 CMakeFiles/PicoPong.dir/Users/aadeshshah/.pico-sdk/sdk/1.5.1/lib/tinyusb/src/class/cdc/cdc_device.c.obj
                0x10006874                tud_cdc_n_read
 .text.tud_cdc_n_write_flush
                0x1000689c       0xb8 CMakeFiles/PicoPong.dir/Users/aadeshshah/.pico-sdk/sdk/1.5.1/lib/tinyusb/src/class/cdc/cdc_device.c.obj
                0x1000689c                tud_cdc_n_write_flush
 .text.tud_cdc_n_write
                0x10006954       0x38 CMakeFiles/PicoPong.dir/Users/aadeshshah/.pico-sdk/sdk/1.5.1/lib/tinyusb/src/class/cdc/cdc_device.c.obj
                0x10006954                tud_cdc_n_write
 .text.tud_cdc_n_write_available
                0x1000698c       0x1c CMakeFiles/PicoPong.dir/Users/aadeshshah/.pico-sdk/sdk/1.5.1/lib/tinyusb/src/class/cdc/cdc_device.c.obj
                0x1000698c                tud_cdc_n_write_available
 .text.cdcd_init
                0x100069a8       0xbc CMakeFiles/PicoPong.dir/Users/aadeshshah/.pico-sdk/sdk/1.5.1/lib/tinyusb/src/class/cdc/cdc_device.c.obj
                0x100069a8                cdcd_init
 .text.cdcd_reset
                0x10006a64       0x44 CMakeFiles/PicoPong.dir/Users/aadeshshah/.pico-sdk/sdk/1.5.1/lib/tinyusb/src/class/cdc/cdc_device.c.obj
                0x10006a64                cdcd_reset
 .text.cdcd_open
                0x10006aa8       0xc4 CMakeFiles/PicoPong.dir/Users/aadeshshah/.pico-sdk/sdk/1.5.1/lib/tinyusb/src/class/cdc/cdc_device.c.obj
                0x10006aa8                cdcd_open
 .text.cdcd_control_xfer_cb
                0x10006b6c      0x134 CMakeFiles/PicoPong.dir/Users/aadeshshah/.pico-sdk/sdk/1.5.1/lib/tinyusb/src/class/cdc/cdc_device.c.obj
                0x10006b6c                cdcd_control_xfer_cb
 .text.cdcd_xfer_cb
                0x10006ca0      0x130 CMakeFiles/PicoPong.dir/Users/aadeshshah/.pico-sdk/sdk/1.5.1/lib/tinyusb/src/class/cdc/cdc_device.c.obj
                0x10006ca0                cdcd_xfer_cb
 .text.tusb_init
                0x10006dd0        0xa CMakeFiles/PicoPong.dir/Users/aadeshshah/.pico-sdk/sdk/1.5.1/lib/tinyusb/src/tusb.c.obj
                0x10006dd0                tusb_init
 .text.tusb_inited
                0x10006dda        0xe CMakeFiles/PicoPong.dir/Users/aadeshshah/.pico-sdk/sdk/1.5.1/lib/tinyusb/src/tusb.c.obj
                0x10006dda                tusb_inited
 .text.tu_edpt_claim
                0x10006de8       0x50 CMakeFiles/PicoPong.dir/Users/aadeshshah/.pico-sdk/sdk/1.5.1/lib/tinyusb/src/tusb.c.obj
                0x10006de8                tu_edpt_claim
 .text.tu_edpt_release
                0x10006e38       0x38 CMakeFiles/PicoPong.dir/Users/aadeshshah/.pico-sdk/sdk/1.5.1/lib/tinyusb/src/tusb.c.obj
                0x10006e38                tu_edpt_release
 .text.tu_edpt_validate
                0x10006e70       0x78 CMakeFiles/PicoPong.dir/Users/aadeshshah/.pico-sdk/sdk/1.5.1/lib/tinyusb/src/tusb.c.obj
                0x10006e70                tu_edpt_validate
 .text.tu_edpt_bind_driver
                0x10006ee8       0x26 CMakeFiles/PicoPong.dir/Users/aadeshshah/.pico-sdk/sdk/1.5.1/lib/tinyusb/src/tusb.c.obj
                0x10006ee8                tu_edpt_bind_driver
 .text.advance_index
                0x10006f0e       0x1a CMakeFiles/PicoPong.dir/Users/aadeshshah/.pico-sdk/sdk/1.5.1/lib/tinyusb/src/common/tusb_fifo.c.obj
 .text._tu_fifo_peek
                0x10006f28       0x56 CMakeFiles/PicoPong.dir/Users/aadeshshah/.pico-sdk/sdk/1.5.1/lib/tinyusb/src/common/tusb_fifo.c.obj
 .text._ff_pull_const_addr
                0x10006f7e       0x4c CMakeFiles/PicoPong.dir/Users/aadeshshah/.pico-sdk/sdk/1.5.1/lib/tinyusb/src/common/tusb_fifo.c.obj
 .text._ff_pull_n
                0x10006fca      0x110 CMakeFiles/PicoPong.dir/Users/aadeshshah/.pico-sdk/sdk/1.5.1/lib/tinyusb/src/common/tusb_fifo.c.obj
 .text._tu_fifo_peek_n
                0x100070da       0x6a CMakeFiles/PicoPong.dir/Users/aadeshshah/.pico-sdk/sdk/1.5.1/lib/tinyusb/src/common/tusb_fifo.c.obj
 .text._tu_fifo_read_n
                0x10007144       0x4e CMakeFiles/PicoPong.dir/Users/aadeshshah/.pico-sdk/sdk/1.5.1/lib/tinyusb/src/common/tusb_fifo.c.obj
 .text._ff_push_const_addr
                0x10007192       0x40 CMakeFiles/PicoPong.dir/Users/aadeshshah/.pico-sdk/sdk/1.5.1/lib/tinyusb/src/common/tusb_fifo.c.obj
 .text._ff_push_n
                0x100071d2      0x10c CMakeFiles/PicoPong.dir/Users/aadeshshah/.pico-sdk/sdk/1.5.1/lib/tinyusb/src/common/tusb_fifo.c.obj
 .text._tu_fifo_write_n
                0x100072de       0xf0 CMakeFiles/PicoPong.dir/Users/aadeshshah/.pico-sdk/sdk/1.5.1/lib/tinyusb/src/common/tusb_fifo.c.obj
 .text.tu_fifo_config
                0x100073ce       0x7c CMakeFiles/PicoPong.dir/Users/aadeshshah/.pico-sdk/sdk/1.5.1/lib/tinyusb/src/common/tusb_fifo.c.obj
                0x100073ce                tu_fifo_config
 .text.tu_fifo_count
                0x1000744a       0x2a CMakeFiles/PicoPong.dir/Users/aadeshshah/.pico-sdk/sdk/1.5.1/lib/tinyusb/src/common/tusb_fifo.c.obj
                0x1000744a                tu_fifo_count
 .text.tu_fifo_empty
                0x10007474        0xe CMakeFiles/PicoPong.dir/Users/aadeshshah/.pico-sdk/sdk/1.5.1/lib/tinyusb/src/common/tusb_fifo.c.obj
                0x10007474                tu_fifo_empty
 .text.tu_fifo_full
                0x10007482       0x28 CMakeFiles/PicoPong.dir/Users/aadeshshah/.pico-sdk/sdk/1.5.1/lib/tinyusb/src/common/tusb_fifo.c.obj
                0x10007482                tu_fifo_full
 .text.tu_fifo_remaining
                0x100074aa       0x2c CMakeFiles/PicoPong.dir/Users/aadeshshah/.pico-sdk/sdk/1.5.1/lib/tinyusb/src/common/tusb_fifo.c.obj
                0x100074aa                tu_fifo_remaining
 .text.tu_fifo_read
                0x100074d6       0x42 CMakeFiles/PicoPong.dir/Users/aadeshshah/.pico-sdk/sdk/1.5.1/lib/tinyusb/src/common/tusb_fifo.c.obj
                0x100074d6                tu_fifo_read
 .text.tu_fifo_read_n
                0x10007518        0xa CMakeFiles/PicoPong.dir/Users/aadeshshah/.pico-sdk/sdk/1.5.1/lib/tinyusb/src/common/tusb_fifo.c.obj
                0x10007518                tu_fifo_read_n
 .text.tu_fifo_write
                0x10007522       0x64 CMakeFiles/PicoPong.dir/Users/aadeshshah/.pico-sdk/sdk/1.5.1/lib/tinyusb/src/common/tusb_fifo.c.obj
                0x10007522                tu_fifo_write
 .text.tu_fifo_write_n
                0x10007586        0xa CMakeFiles/PicoPong.dir/Users/aadeshshah/.pico-sdk/sdk/1.5.1/lib/tinyusb/src/common/tusb_fifo.c.obj
                0x10007586                tu_fifo_write_n
 .text.tu_fifo_clear
                0x10007590       0x3e CMakeFiles/PicoPong.dir/Users/aadeshshah/.pico-sdk/sdk/1.5.1/lib/tinyusb/src/common/tusb_fifo.c.obj
                0x10007590                tu_fifo_clear
 .text.tu_fifo_set_overwritable
                0x100075ce       0x46 CMakeFiles/PicoPong.dir/Users/aadeshshah/.pico-sdk/sdk/1.5.1/lib/tinyusb/src/common/tusb_fifo.c.obj
                0x100075ce                tu_fifo_set_overwritable
 .text.malloc   0x10007614       0x14 /Users/aadeshshah/.pico-sdk/toolchain/13_2_Rel1/bin/../lib/gcc/arm-none-eabi/13.2.1/../../../../arm-none-eabi/lib/thumb/v6-m/nofp/libg.a(libc_a-malloc.o)
                0x10007614                malloc
 .text._malloc_r
                0x10007628      0x5c4 /Users/aadeshshah/.pico-sdk/toolchain/13_2_Rel1/bin/../lib/gcc/arm-none-eabi/13.2.1/../../../../arm-none-eabi/lib/thumb/v6-m/nofp/libg.a(libc_a-mallocr.o)
                0x10007628                _malloc_r
 .text.__malloc_lock
                0x10007bec       0x10 /Users/aadeshshah/.pico-sdk/toolchain/13_2_Rel1/bin/../lib/gcc/arm-none-eabi/13.2.1/../../../../arm-none-eabi/lib/thumb/v6-m/nofp/libg.a(libc_a-mlock.o)
                0x10007bec                __malloc_lock
 .text.__malloc_unlock
                0x10007bfc       0x10 /Users/aadeshshah/.pico-sdk/toolchain/13_2_Rel1/bin/../lib/gcc/arm-none-eabi/13.2.1/../../../../arm-none-eabi/lib/thumb/v6-m/nofp/libg.a(libc_a-mlock.o)
                0x10007bfc                __malloc_unlock
 .text._sbrk_r  0x10007c0c       0x24 /Users/aadeshshah/.pico-sdk/toolchain/13_2_Rel1/bin/../lib/gcc/arm-none-eabi/13.2.1/../../../../arm-none-eabi/lib/thumb/v6-m/nofp/libg.a(libc_a-sbrkr.o)
                0x10007c0c                _sbrk_r
 .text.__errno  0x10007c30        0xc /Users/aadeshshah/.pico-sdk/toolchain/13_2_Rel1/bin/../lib/gcc/arm-none-eabi/13.2.1/../../../../arm-none-eabi/lib/thumb/v6-m/nofp/libg.a(libc_a-errno.o)
                0x10007c30                __errno
 .text.sysconf  0x10007c3c       0x1c /Users/aadeshshah/.pico-sdk/toolchain/13_2_Rel1/bin/../lib/gcc/arm-none-eabi/13.2.1/../../../../arm-none-eabi/lib/thumb/v6-m/nofp/libg.a(libc_a-sysconf.o)
                0x10007c3c                sysconf
 .text.__retarget_lock_acquire_recursive
                0x10007c58        0x4 /Users/aadeshshah/.pico-sdk/toolchain/13_2_Rel1/bin/../lib/gcc/arm-none-eabi/13.2.1/../../../../arm-none-eabi/lib/thumb/v6-m/nofp/libg.a(libc_a-lock.o)
                0x10007c58                __retarget_lock_acquire_recursive
 .text.__retarget_lock_release_recursive
                0x10007c5c        0x4 /Users/aadeshshah/.pico-sdk/toolchain/13_2_Rel1/bin/../lib/gcc/arm-none-eabi/13.2.1/../../../../arm-none-eabi/lib/thumb/v6-m/nofp/libg.a(libc_a-lock.o)
                0x10007c5c                __retarget_lock_release_recursive
 .text.strlen   0x10007c60       0x5c /Users/aadeshshah/.pico-sdk/toolchain/13_2_Rel1/bin/../lib/gcc/arm-none-eabi/13.2.1/../../../../arm-none-eabi/lib/thumb/v6-m/nofp/libg.a(libc_a-strlen-stub.o)
                0x10007c60                strlen
 .text._malloc_trim_r
                0x10007cbc       0xb4 /Users/aadeshshah/.pico-sdk/toolchain/13_2_Rel1/bin/../lib/gcc/arm-none-eabi/13.2.1/../../../../arm-none-eabi/lib/thumb/v6-m/nofp/libg.a(libc_a-freer.o)
                0x10007cbc                _malloc_trim_r
 .text._free_r  0x10007d70      0x1d4 /Users/aadeshshah/.pico-sdk/toolchain/13_2_Rel1/bin/../lib/gcc/arm-none-eabi/13.2.1/../../../../arm-none-eabi/lib/thumb/v6-m/nofp/libg.a(libc_a-freer.o)
                0x10007d70                _free_r
 *(.fini)
 .fini          0x10007f44        0x4 /Users/aadeshshah/.pico-sdk/toolchain/13_2_Rel1/bin/../lib/gcc/arm-none-eabi/13.2.1/thumb/v6-m/nofp/crti.o
                0x10007f44                _fini
 .fini.__stub   0x10007f48       0xe0 linker stubs
 *crtbegin.o(.ctors)
 *crtbegin?.o(.ctors)
 *(EXCLUDE_FILE(*crtend.o *crtend?.o) .ctors)
 *(SORT_BY_NAME(.ctors.*))
 *(.ctors)
 *crtbegin.o(.dtors)
 *crtbegin?.o(.dtors)
 *(EXCLUDE_FILE(*crtend.o *crtend?.o) .dtors)
 *(SORT_BY_NAME(.dtors.*))
 *(.dtors)
 *(.eh_frame*)
 .eh_frame      0x10008028        0x0 /Users/aadeshshah/.pico-sdk/toolchain/13_2_Rel1/bin/../lib/gcc/arm-none-eabi/13.2.1/thumb/v6-m/nofp/crtbegin.o
                0x10008028                        . = ALIGN (0x4)

.glue_7         0x10008028        0x0
 .glue_7        0x10008028        0x0 linker stubs

.glue_7t        0x10008028        0x0
 .glue_7t       0x10008028        0x0 linker stubs

.vfp11_veneer   0x10008028        0x0
 .vfp11_veneer  0x10008028        0x0 linker stubs

.v4_bx          0x10008028        0x0
 .v4_bx         0x10008028        0x0 linker stubs

.iplt           0x10008028        0x0
 .iplt          0x10008028        0x0 /Users/aadeshshah/.pico-sdk/toolchain/13_2_Rel1/bin/../lib/gcc/arm-none-eabi/13.2.1/thumb/v6-m/nofp/crtbegin.o

.rodata         0x10008028     0x189c
 *(EXCLUDE_FILE(*libm.a: *libc.a:*lib_a-mem*.o *libgcc.a:) .rodata*)
 .rodata.fancy_write.str1.4
                0x10008028      0xff3 CMakeFiles/PicoPong.dir/pico-ssd1306/ssd1306.c.obj
                                 0x2f (size before relaxing)
 .rodata.ssd1306_write.str1.4
                0x1000901b        0xe CMakeFiles/PicoPong.dir/pico-ssd1306/ssd1306.c.obj
 .rodata.ssd1306_show.str1.4
                0x1000901b        0xd CMakeFiles/PicoPong.dir/pico-ssd1306/ssd1306.c.obj
 *fill*         0x1000901b        0x1 
 .rodata.font_8x5
                0x1000901c      0x1e0 CMakeFiles/PicoPong.dir/pico-ssd1306/ssd1306.c.obj
                0x1000901c                font_8x5
 .rodata.main.str1.4
                0x100091fc       0x22 CMakeFiles/PicoPong.dir/PicoPong.c.obj
 .rodata.i2c_set_baudrate.str1.4
                0x100091fc       0x68 CMakeFiles/PicoPong.dir/Users/aadeshshah/.pico-sdk/sdk/1.5.1/src/rp2_common/hardware_i2c/i2c.c.obj
 .rodata.__func__.0
                0x100091fc       0x11 CMakeFiles/PicoPong.dir/Users/aadeshshah/.pico-sdk/sdk/1.5.1/src/rp2_common/hardware_i2c/i2c.c.obj
 .rodata.spin_lock_claim_unused.str1.4
                0x1000920d       0x1b CMakeFiles/PicoPong.dir/Users/aadeshshah/.pico-sdk/sdk/1.5.1/src/rp2_common/hardware_sync/sync.c.obj
 .rodata.get_entry.str1.4
                0x1000920d       0x66 CMakeFiles/PicoPong.dir/Users/aadeshshah/.pico-sdk/sdk/1.5.1/src/common/pico_time/time.c.obj
 .rodata.update_us_since_boot.str1.4
                0x1000920d       0x6c CMakeFiles/PicoPong.dir/Users/aadeshshah/.pico-sdk/sdk/1.5.1/src/common/pico_time/time.c.obj
 .rodata.ph_get_node.str1.4
                0x1000920d       0x71 CMakeFiles/PicoPong.dir/Users/aadeshshah/.pico-sdk/sdk/1.5.1/src/common/pico_time/time.c.obj
 .rodata.ph_add_child_node.str1.4
                0x1000920d       0x2e CMakeFiles/PicoPong.dir/Users/aadeshshah/.pico-sdk/sdk/1.5.1/src/common/pico_time/time.c.obj
 .rodata.ph_insert_node.str1.4
                0x1000920d        0x3 CMakeFiles/PicoPong.dir/Users/aadeshshah/.pico-sdk/sdk/1.5.1/src/common/pico_time/time.c.obj
 .rodata.ph_free_node.str1.4
                0x1000920d       0x38 CMakeFiles/PicoPong.dir/Users/aadeshshah/.pico-sdk/sdk/1.5.1/src/common/pico_time/time.c.obj
 .rodata.add_alarm_under_lock.str1.4
                0x1000920d       0x28 CMakeFiles/PicoPong.dir/Users/aadeshshah/.pico-sdk/sdk/1.5.1/src/common/pico_time/time.c.obj
 .rodata.alarm_pool_alarm_callback.str1.4
                0x1000920d       0x60 CMakeFiles/PicoPong.dir/Users/aadeshshah/.pico-sdk/sdk/1.5.1/src/common/pico_time/time.c.obj
 .rodata.alarm_pool_get_default.str1.4
                0x1000920d       0x21 CMakeFiles/PicoPong.dir/Users/aadeshshah/.pico-sdk/sdk/1.5.1/src/common/pico_time/time.c.obj
 .rodata.alarm_pool_cancel_alarm.str1.4
                0x1000920d       0x27 CMakeFiles/PicoPong.dir/Users/aadeshshah/.pico-sdk/sdk/1.5.1/src/common/pico_time/time.c.obj
 .rodata.sleep_until.str1.4
                0x1000920d       0x4d CMakeFiles/PicoPong.dir/Users/aadeshshah/.pico-sdk/sdk/1.5.1/src/common/pico_time/time.c.obj
 *fill*         0x1000920d        0x3 
 .rodata.__func__.1
                0x10009210       0x18 CMakeFiles/PicoPong.dir/Users/aadeshshah/.pico-sdk/sdk/1.5.1/src/common/pico_time/time.c.obj
 .rodata.__func__.3
                0x10009228       0x17 CMakeFiles/PicoPong.dir/Users/aadeshshah/.pico-sdk/sdk/1.5.1/src/common/pico_time/time.c.obj
 *fill*         0x1000923f        0x1 
 .rodata.__func__.4
                0x10009240       0x12 CMakeFiles/PicoPong.dir/Users/aadeshshah/.pico-sdk/sdk/1.5.1/src/common/pico_time/time.c.obj
 *fill*         0x10009252        0x2 
 .rodata.__func__.5
                0x10009254        0xd CMakeFiles/PicoPong.dir/Users/aadeshshah/.pico-sdk/sdk/1.5.1/src/common/pico_time/time.c.obj
 *fill*         0x10009261        0x3 
 .rodata.__func__.6
                0x10009264       0x12 CMakeFiles/PicoPong.dir/Users/aadeshshah/.pico-sdk/sdk/1.5.1/src/common/pico_time/time.c.obj
 *fill*         0x10009276        0x2 
 .rodata.__func__.7
                0x10009278        0xf CMakeFiles/PicoPong.dir/Users/aadeshshah/.pico-sdk/sdk/1.5.1/src/common/pico_time/time.c.obj
 *fill*         0x10009287        0x1 
 .rodata.__func__.8
                0x10009288        0xc CMakeFiles/PicoPong.dir/Users/aadeshshah/.pico-sdk/sdk/1.5.1/src/common/pico_time/time.c.obj
 .rodata.__func__.9
                0x10009294       0x15 CMakeFiles/PicoPong.dir/Users/aadeshshah/.pico-sdk/sdk/1.5.1/src/common/pico_time/time.c.obj
 *fill*         0x100092a9        0x3 
 .rodata.__func__.10
                0x100092ac       0x15 CMakeFiles/PicoPong.dir/Users/aadeshshah/.pico-sdk/sdk/1.5.1/src/common/pico_time/time.c.obj
 *fill*         0x100092c1        0x3 
 .rodata.__func__.11
                0x100092c4       0x1a CMakeFiles/PicoPong.dir/Users/aadeshshah/.pico-sdk/sdk/1.5.1/src/common/pico_time/time.c.obj
 *fill*         0x100092de        0x2 
 .rodata.__func__.12
                0x100092e0        0xa CMakeFiles/PicoPong.dir/Users/aadeshshah/.pico-sdk/sdk/1.5.1/src/common/pico_time/time.c.obj
 .rodata.hardware_alarm_claim.str1.4
                0x100092ea       0x22 CMakeFiles/PicoPong.dir/Users/aadeshshah/.pico-sdk/sdk/1.5.1/src/rp2_common/hardware_timer/timer.c.obj
 .rodata.hardware_alarm_set_target.str1.4
                0x100092ea       0x70 CMakeFiles/PicoPong.dir/Users/aadeshshah/.pico-sdk/sdk/1.5.1/src/rp2_common/hardware_timer/timer.c.obj
 *fill*         0x100092ea        0x2 
 .rodata.__func__.0
                0x100092ec       0x1a CMakeFiles/PicoPong.dir/Users/aadeshshah/.pico-sdk/sdk/1.5.1/src/rp2_common/hardware_timer/timer.c.obj
 .rodata.resolve_branch.str1.4
                0x10009306       0x60 CMakeFiles/PicoPong.dir/Users/aadeshshah/.pico-sdk/sdk/1.5.1/src/rp2_common/hardware_irq/irq.c.obj
 .rodata.make_branch.str1.4
                0x10009306       0x30 CMakeFiles/PicoPong.dir/Users/aadeshshah/.pico-sdk/sdk/1.5.1/src/rp2_common/hardware_irq/irq.c.obj
 .rodata.insert_branch_and_link.str1.4
                0x10009306       0x10 CMakeFiles/PicoPong.dir/Users/aadeshshah/.pico-sdk/sdk/1.5.1/src/rp2_common/hardware_irq/irq.c.obj
 .rodata.irq_set_exclusive_handler.str1.4
                0x10009306       0x36 CMakeFiles/PicoPong.dir/Users/aadeshshah/.pico-sdk/sdk/1.5.1/src/rp2_common/hardware_irq/irq.c.obj
 .rodata.irq_add_shared_handler.str1.4
                0x10009306       0xc2 CMakeFiles/PicoPong.dir/Users/aadeshshah/.pico-sdk/sdk/1.5.1/src/rp2_common/hardware_irq/irq.c.obj
 .rodata.irq_remove_handler.str1.4
                0x10009306       0x3a CMakeFiles/PicoPong.dir/Users/aadeshshah/.pico-sdk/sdk/1.5.1/src/rp2_common/hardware_irq/irq.c.obj
 .rodata.irq_add_tail_to_free_list.str1.4
                0x10009306       0x3a CMakeFiles/PicoPong.dir/Users/aadeshshah/.pico-sdk/sdk/1.5.1/src/rp2_common/hardware_irq/irq.c.obj
 .rodata.user_irq_claim_unused.str1.4
                0x10009306       0x1b CMakeFiles/PicoPong.dir/Users/aadeshshah/.pico-sdk/sdk/1.5.1/src/rp2_common/hardware_irq/irq.c.obj
 *fill*         0x10009306        0x2 
 .rodata.__func__.0
                0x10009308       0x1a CMakeFiles/PicoPong.dir/Users/aadeshshah/.pico-sdk/sdk/1.5.1/src/rp2_common/hardware_irq/irq.c.obj
 *fill*         0x10009322        0x2 
 .rodata.__func__.1
                0x10009324       0x17 CMakeFiles/PicoPong.dir/Users/aadeshshah/.pico-sdk/sdk/1.5.1/src/rp2_common/hardware_irq/irq.c.obj
 *fill*         0x1000933b        0x1 
 .rodata.__func__.2
                0x1000933c       0x13 CMakeFiles/PicoPong.dir/Users/aadeshshah/.pico-sdk/sdk/1.5.1/src/rp2_common/hardware_irq/irq.c.obj
 *fill*         0x1000934f        0x1 
 .rodata.__func__.3
                0x10009350        0xc CMakeFiles/PicoPong.dir/Users/aadeshshah/.pico-sdk/sdk/1.5.1/src/rp2_common/hardware_irq/irq.c.obj
 .rodata.__func__.4
                0x1000935c        0xf CMakeFiles/PicoPong.dir/Users/aadeshshah/.pico-sdk/sdk/1.5.1/src/rp2_common/hardware_irq/irq.c.obj
 *fill*         0x1000936b        0x1 
 .rodata.__func__.5
                0x1000936c       0x17 CMakeFiles/PicoPong.dir/Users/aadeshshah/.pico-sdk/sdk/1.5.1/src/rp2_common/hardware_irq/irq.c.obj
 *fill*         0x10009383        0x1 
 .rodata.__func__.6
                0x10009384       0x1a CMakeFiles/PicoPong.dir/Users/aadeshshah/.pico-sdk/sdk/1.5.1/src/rp2_common/hardware_irq/irq.c.obj
 .rodata.update_us_since_boot.str1.4
                0x1000939e       0x6c CMakeFiles/PicoPong.dir/Users/aadeshshah/.pico-sdk/sdk/1.5.1/src/common/pico_sync/mutex.c.obj
 .rodata.str1.4
                0x1000939e       0x95 CMakeFiles/PicoPong.dir/Users/aadeshshah/.pico-sdk/sdk/1.5.1/src/common/pico_sync/mutex.c.obj
 *fill*         0x1000939e        0x2 
 .rodata.__func__.1
                0x100093a0        0xb CMakeFiles/PicoPong.dir/Users/aadeshshah/.pico-sdk/sdk/1.5.1/src/common/pico_sync/mutex.c.obj
 *fill*         0x100093ab        0x1 
 .rodata.__func__.3
                0x100093ac       0x18 CMakeFiles/PicoPong.dir/Users/aadeshshah/.pico-sdk/sdk/1.5.1/src/common/pico_sync/mutex.c.obj
 .rodata.__func__.4
                0x100093c4       0x15 CMakeFiles/PicoPong.dir/Users/aadeshshah/.pico-sdk/sdk/1.5.1/src/common/pico_sync/mutex.c.obj
 .rodata.ph_get_node.str1.4
                0x100093d9       0x71 CMakeFiles/PicoPong.dir/Users/aadeshshah/.pico-sdk/sdk/1.5.1/src/common/pico_util/pheap.c.obj
 .rodata.ph_add_child_node.str1.4
                0x100093d9       0x2e CMakeFiles/PicoPong.dir/Users/aadeshshah/.pico-sdk/sdk/1.5.1/src/common/pico_util/pheap.c.obj
 .rodata.ph_remove_any_head.str1.4
                0x100093d9       0xac CMakeFiles/PicoPong.dir/Users/aadeshshah/.pico-sdk/sdk/1.5.1/src/common/pico_util/pheap.c.obj
 .rodata.ph_remove_and_free_node.str1.4
                0x100093d9       0x26 CMakeFiles/PicoPong.dir/Users/aadeshshah/.pico-sdk/sdk/1.5.1/src/common/pico_util/pheap.c.obj
 *fill*         0x100093d9        0x3 
 .rodata.__func__.0
                0x100093dc       0x18 CMakeFiles/PicoPong.dir/Users/aadeshshah/.pico-sdk/sdk/1.5.1/src/common/pico_util/pheap.c.obj
 .rodata.__func__.1
                0x100093f4       0x13 CMakeFiles/PicoPong.dir/Users/aadeshshah/.pico-sdk/sdk/1.5.1/src/common/pico_util/pheap.c.obj
 *fill*         0x10009407        0x1 
 .rodata.__func__.2
                0x10009408       0x12 CMakeFiles/PicoPong.dir/Users/aadeshshah/.pico-sdk/sdk/1.5.1/src/common/pico_util/pheap.c.obj
 *fill*         0x1000941a        0x2 
 .rodata.__func__.3
                0x1000941c        0xc CMakeFiles/PicoPong.dir/Users/aadeshshah/.pico-sdk/sdk/1.5.1/src/common/pico_util/pheap.c.obj
 .rodata.clock_configure.str1.4
                0x10009428       0x62 CMakeFiles/PicoPong.dir/Users/aadeshshah/.pico-sdk/sdk/1.5.1/src/rp2_common/hardware_clocks/clocks.c.obj
 .rodata.__func__.1
                0x10009428       0x10 CMakeFiles/PicoPong.dir/Users/aadeshshah/.pico-sdk/sdk/1.5.1/src/rp2_common/hardware_clocks/clocks.c.obj
 .rodata.pll_init.str1.4
                0x10009438      0x12c CMakeFiles/PicoPong.dir/Users/aadeshshah/.pico-sdk/sdk/1.5.1/src/rp2_common/hardware_pll/pll.c.obj
 .rodata.__func__.0
                0x10009438        0x9 CMakeFiles/PicoPong.dir/Users/aadeshshah/.pico-sdk/sdk/1.5.1/src/rp2_common/hardware_pll/pll.c.obj
 .rodata.__assert_func.str1.4
                0x10009441       0x43 CMakeFiles/PicoPong.dir/Users/aadeshshah/.pico-sdk/sdk/1.5.1/src/rp2_common/pico_runtime/runtime.c.obj
 .rodata.runtime_init.str1.4
                0x10009441       0x6c CMakeFiles/PicoPong.dir/Users/aadeshshah/.pico-sdk/sdk/1.5.1/src/rp2_common/pico_runtime/runtime.c.obj
 .rodata.panic.str1.4
                0x10009441       0x12 CMakeFiles/PicoPong.dir/Users/aadeshshah/.pico-sdk/sdk/1.5.1/src/rp2_common/pico_runtime/runtime.c.obj
 *fill*         0x10009441        0x3 
 .rodata.__func__.2
                0x10009444        0xd CMakeFiles/PicoPong.dir/Users/aadeshshah/.pico-sdk/sdk/1.5.1/src/rp2_common/pico_runtime/runtime.c.obj
 .rodata._ftoa.str1.4
                0x10009451       0x15 CMakeFiles/PicoPong.dir/Users/aadeshshah/.pico-sdk/sdk/1.5.1/src/rp2_common/pico_printf/printf.c.obj
 *fill*         0x10009451        0x3 
 .rodata._vsnprintf
                0x10009454      0x19c CMakeFiles/PicoPong.dir/Users/aadeshshah/.pico-sdk/sdk/1.5.1/src/rp2_common/pico_printf/printf.c.obj
 .rodata.pow10.0
                0x100095f0       0x50 CMakeFiles/PicoPong.dir/Users/aadeshshah/.pico-sdk/sdk/1.5.1/src/rp2_common/pico_printf/printf.c.obj
 .rodata.__aeabi_double_init.str1.4
                0x10009640       0xa7 CMakeFiles/PicoPong.dir/Users/aadeshshah/.pico-sdk/sdk/1.5.1/src/rp2_common/pico_double/double_init_rom.c.obj
 .rodata.__func__.0
                0x10009640       0x14 CMakeFiles/PicoPong.dir/Users/aadeshshah/.pico-sdk/sdk/1.5.1/src/rp2_common/pico_double/double_init_rom.c.obj
 .rodata.__aeabi_float_init.str1.4
                0x10009654       0x89 CMakeFiles/PicoPong.dir/Users/aadeshshah/.pico-sdk/sdk/1.5.1/src/rp2_common/pico_float/float_init_rom.c.obj
 .rodata.__func__.0
                0x10009654       0x13 CMakeFiles/PicoPong.dir/Users/aadeshshah/.pico-sdk/sdk/1.5.1/src/rp2_common/pico_float/float_init_rom.c.obj
 .rodata.check_alloc.str1.4
                0x10009667        0xe CMakeFiles/PicoPong.dir/Users/aadeshshah/.pico-sdk/sdk/1.5.1/src/rp2_common/pico_malloc/pico_malloc.c.obj
 .rodata.str1.4
                0x10009667       0x44 CMakeFiles/PicoPong.dir/Users/aadeshshah/.pico-sdk/sdk/1.5.1/src/rp2_common/pico_standard_link/binary_info.c.obj
 *fill*         0x10009667        0x1 
 .rodata.__bi_81
                0x10009668        0xc CMakeFiles/PicoPong.dir/Users/aadeshshah/.pico-sdk/sdk/1.5.1/src/rp2_common/pico_standard_link/binary_info.c.obj
 .rodata.__bi_75
                0x10009674        0xc CMakeFiles/PicoPong.dir/Users/aadeshshah/.pico-sdk/sdk/1.5.1/src/rp2_common/pico_standard_link/binary_info.c.obj
 .rodata.__bi_56
                0x10009680        0xc CMakeFiles/PicoPong.dir/Users/aadeshshah/.pico-sdk/sdk/1.5.1/src/rp2_common/pico_standard_link/binary_info.c.obj
 .rodata.__bi_44
                0x1000968c        0xc CMakeFiles/PicoPong.dir/Users/aadeshshah/.pico-sdk/sdk/1.5.1/src/rp2_common/pico_standard_link/binary_info.c.obj
 .rodata.update_us_since_boot.str1.4
                0x10009698       0x6c CMakeFiles/PicoPong.dir/Users/aadeshshah/.pico-sdk/sdk/1.5.1/src/rp2_common/pico_stdio/stdio.c.obj
 .rodata.crlf_str.2
                0x10009698        0x2 CMakeFiles/PicoPong.dir/Users/aadeshshah/.pico-sdk/sdk/1.5.1/src/rp2_common/pico_stdio/stdio.c.obj
 *fill*         0x1000969a        0x2 
 .rodata.__func__.3
                0x1000969c       0x15 CMakeFiles/PicoPong.dir/Users/aadeshshah/.pico-sdk/sdk/1.5.1/src/rp2_common/pico_stdio/stdio.c.obj
 *fill*         0x100096b1        0x3 
 .rodata._resetd_driver
                0x100096b4       0x18 CMakeFiles/PicoPong.dir/Users/aadeshshah/.pico-sdk/sdk/1.5.1/src/rp2_common/pico_stdio_usb/reset_interface.c.obj
 .rodata.update_us_since_boot.str1.4
                0x100096cc       0x6c CMakeFiles/PicoPong.dir/Users/aadeshshah/.pico-sdk/sdk/1.5.1/src/rp2_common/pico_stdio_usb/stdio_usb.c.obj
 .rodata.stdio_usb_init.str1.4
                0x100096cc       0x58 CMakeFiles/PicoPong.dir/Users/aadeshshah/.pico-sdk/sdk/1.5.1/src/rp2_common/pico_stdio_usb/stdio_usb.c.obj
 .rodata.str1.4
                0x100096cc       0x13 CMakeFiles/PicoPong.dir/Users/aadeshshah/.pico-sdk/sdk/1.5.1/src/rp2_common/pico_stdio_usb/stdio_usb.c.obj
 .rodata.__bi_182.0
                0x100096cc        0xc CMakeFiles/PicoPong.dir/Users/aadeshshah/.pico-sdk/sdk/1.5.1/src/rp2_common/pico_stdio_usb/stdio_usb.c.obj
 .rodata.__func__.1
                0x100096d8        0xf CMakeFiles/PicoPong.dir/Users/aadeshshah/.pico-sdk/sdk/1.5.1/src/rp2_common/pico_stdio_usb/stdio_usb.c.obj
 *fill*         0x100096e7        0x1 
 .rodata.__func__.3
                0x100096e8       0x15 CMakeFiles/PicoPong.dir/Users/aadeshshah/.pico-sdk/sdk/1.5.1/src/rp2_common/pico_stdio_usb/stdio_usb.c.obj
 .rodata.str1.4
                0x100096fd       0x2a CMakeFiles/PicoPong.dir/Users/aadeshshah/.pico-sdk/sdk/1.5.1/src/rp2_common/pico_stdio_usb/stdio_usb_descriptors.c.obj
 *fill*         0x100096fd        0x3 
 .rodata.usbd_desc_str
                0x10009700       0x18 CMakeFiles/PicoPong.dir/Users/aadeshshah/.pico-sdk/sdk/1.5.1/src/rp2_common/pico_stdio_usb/stdio_usb_descriptors.c.obj
 .rodata.usbd_desc_cfg
                0x10009718       0x54 CMakeFiles/PicoPong.dir/Users/aadeshshah/.pico-sdk/sdk/1.5.1/src/rp2_common/pico_stdio_usb/stdio_usb_descriptors.c.obj
 .rodata.usbd_desc_device
                0x1000976c       0x12 CMakeFiles/PicoPong.dir/Users/aadeshshah/.pico-sdk/sdk/1.5.1/src/rp2_common/pico_stdio_usb/stdio_usb_descriptors.c.obj
 .rodata.pico_get_unique_board_id_string.str1.4
                0x1000977e       0x58 CMakeFiles/PicoPong.dir/Users/aadeshshah/.pico-sdk/sdk/1.5.1/src/rp2_common/pico_unique_id/unique_id.c.obj
 *fill*         0x1000977e        0x2 
 .rodata.__func__.0
                0x10009780       0x20 CMakeFiles/PicoPong.dir/Users/aadeshshah/.pico-sdk/sdk/1.5.1/src/rp2_common/pico_unique_id/unique_id.c.obj
 .rodata.str1.4
                0x100097a0      0x162 CMakeFiles/PicoPong.dir/Users/aadeshshah/.pico-sdk/sdk/1.5.1/src/rp2_common/hardware_flash/flash.c.obj
 .rodata.__func__.0
                0x100097a0        0xd CMakeFiles/PicoPong.dir/Users/aadeshshah/.pico-sdk/sdk/1.5.1/src/rp2_common/hardware_flash/flash.c.obj
 .rodata._hw_endpoint_alloc.str1.4
                0x100097ad       0xc1 CMakeFiles/PicoPong.dir/Users/aadeshshah/.pico-sdk/sdk/1.5.1/lib/tinyusb/src/portable/raspberrypi/rp2040/dcd_rp2040.c.obj
 .rodata.str1.4
                0x100097ad       0x14 CMakeFiles/PicoPong.dir/Users/aadeshshah/.pico-sdk/sdk/1.5.1/lib/tinyusb/src/portable/raspberrypi/rp2040/dcd_rp2040.c.obj
 .rodata.dcd_int_enable.str1.4
                0x100097ad        0xc CMakeFiles/PicoPong.dir/Users/aadeshshah/.pico-sdk/sdk/1.5.1/lib/tinyusb/src/portable/raspberrypi/rp2040/dcd_rp2040.c.obj
 *fill*         0x100097ad        0x3 
 .rodata.__func__.0
                0x100097b0        0xe CMakeFiles/PicoPong.dir/Users/aadeshshah/.pico-sdk/sdk/1.5.1/lib/tinyusb/src/portable/raspberrypi/rp2040/dcd_rp2040.c.obj
 *fill*         0x100097be        0x2 
 .rodata.__func__.1
                0x100097c0        0xe CMakeFiles/PicoPong.dir/Users/aadeshshah/.pico-sdk/sdk/1.5.1/lib/tinyusb/src/portable/raspberrypi/rp2040/dcd_rp2040.c.obj
 *fill*         0x100097ce        0x2 
 .rodata.__func__.3
                0x100097d0       0x10 CMakeFiles/PicoPong.dir/Users/aadeshshah/.pico-sdk/sdk/1.5.1/lib/tinyusb/src/portable/raspberrypi/rp2040/dcd_rp2040.c.obj
 .rodata.__func__.5
                0x100097e0        0xf CMakeFiles/PicoPong.dir/Users/aadeshshah/.pico-sdk/sdk/1.5.1/lib/tinyusb/src/portable/raspberrypi/rp2040/dcd_rp2040.c.obj
 *fill*         0x100097ef        0x1 
 .rodata.__func__.6
                0x100097f0       0x13 CMakeFiles/PicoPong.dir/Users/aadeshshah/.pico-sdk/sdk/1.5.1/lib/tinyusb/src/portable/raspberrypi/rp2040/dcd_rp2040.c.obj
 *fill*         0x10009803        0x1 
 .rodata.__func__.7
                0x10009804        0x9 CMakeFiles/PicoPong.dir/Users/aadeshshah/.pico-sdk/sdk/1.5.1/lib/tinyusb/src/portable/raspberrypi/rp2040/dcd_rp2040.c.obj
 .rodata.str1.4
                0x1000980d       0xf3 CMakeFiles/PicoPong.dir/Users/aadeshshah/.pico-sdk/sdk/1.5.1/lib/tinyusb/src/portable/raspberrypi/rp2040/rp2040_usb.c.obj
 *fill*         0x1000980d        0x3 
 .rodata.__func__.0
                0x10009810        0xf CMakeFiles/PicoPong.dir/Users/aadeshshah/.pico-sdk/sdk/1.5.1/lib/tinyusb/src/portable/raspberrypi/rp2040/rp2040_usb.c.obj
 *fill*         0x1000981f        0x1 
 .rodata.process_get_descriptor
                0x10009820       0x40 CMakeFiles/PicoPong.dir/Users/aadeshshah/.pico-sdk/sdk/1.5.1/lib/tinyusb/src/device/usbd.c.obj
 .rodata.process_control_request
                0x10009860       0x28 CMakeFiles/PicoPong.dir/Users/aadeshshah/.pico-sdk/sdk/1.5.1/lib/tinyusb/src/device/usbd.c.obj
 .rodata.tud_task_ext
                0x10009888       0x24 CMakeFiles/PicoPong.dir/Users/aadeshshah/.pico-sdk/sdk/1.5.1/lib/tinyusb/src/device/usbd.c.obj
 .rodata._usbd_driver
                0x100098ac       0x18 CMakeFiles/PicoPong.dir/Users/aadeshshah/.pico-sdk/sdk/1.5.1/lib/tinyusb/src/device/usbd.c.obj
                0x100098c4                        . = ALIGN (0x4)
 *(SORT_BY_ALIGNMENT(SORT_BY_NAME(.flashdata*)))
                0x100098c4                        . = ALIGN (0x4)

.ARM.extab
 *(.ARM.extab* .gnu.linkonce.armextab.*)
                0x100098c4                        __exidx_start = .

.ARM.exidx
 *(.ARM.exidx* .gnu.linkonce.armexidx.*)
                0x100098c4                        __exidx_end = .
                0x100098c4                        . = ALIGN (0x4)
                0x100098c4                        __binary_info_start = .

.binary_info    0x100098c4       0x24
 *(.binary_info.keep.*)
 .binary_info.keep.__bi_ptr81
                0x100098c4        0x4 CMakeFiles/PicoPong.dir/Users/aadeshshah/.pico-sdk/sdk/1.5.1/src/rp2_common/pico_standard_link/binary_info.c.obj
 .binary_info.keep.__bi_ptr75
                0x100098c8        0x4 CMakeFiles/PicoPong.dir/Users/aadeshshah/.pico-sdk/sdk/1.5.1/src/rp2_common/pico_standard_link/binary_info.c.obj
 .binary_info.keep.__bi_ptr56
                0x100098cc        0x4 CMakeFiles/PicoPong.dir/Users/aadeshshah/.pico-sdk/sdk/1.5.1/src/rp2_common/pico_standard_link/binary_info.c.obj